<html>
<body>
<pre>
<h1>µVision Build Log</h1>
<h2>Tool Versions:</h2>
IDE-Version: ¶ÃVision V5.30.0.0
Copyright (C) 2020 ARM Ltd and ARM Germany GmbH. All rights reserved.
License Information: 1 yzx2054@outlook.com, 1, LIC=LSNXV-PRZRV-FW02N-Y1V3G-5FI8M-RII90
 
Tool Versions:
Toolchain:       MDK-ARM Plus  Version: 5.30.0.0
Toolchain Path:  D:\Keil_v5\ARM\ARMCC\Bin
C Compiler:      Armcc.exe V5.06 update 6 (build 750)
Assembler:       Armasm.exe V5.06 update 6 (build 750)
Linker/Locator:  ArmLink.exe V5.06 update 6 (build 750)
Library Manager: ArmAr.exe V5.06 update 6 (build 750)
Hex Converter:   FromElf.exe V5.06 update 6 (build 750)
CPU DLL:         SARMCM3.DLL V5.30.0.0
Dialog DLL:      DCM.DLL V1.17.3.0
Target DLL:      Segger\JL2CM3.dll V2.99.38.0
Dialog DLL:      TCM.DLL V1.42.0.0
 
<h2>Project:</h2>
D:\ALLprojects\code_projects\stm32_project\my_project\÷«ƒ‹√≈À¯\PRO\project.uvprojx
Project File Date:  10/18/2024

<h2>Output:</h2>
*** Using Compiler 'V5.06 update 6 (build 750)', folder: 'D:\Keil_v5\ARM\ARMCC\Bin'
Build target 'Target 1'
compiling ssyy.c...
..\HARDWARE\src\ssyy.c(160): warning:  #111-D: statement is unreachable
  		break;	
..\HARDWARE\src\ssyy.c(171): warning:  #111-D: statement is unreachable
  		break;
..\HARDWARE\src\ssyy.c(182): warning:  #111-D: statement is unreachable
  		break;
..\HARDWARE\src\ssyy.c(195): warning:  #940-D: missing return statement at end of non-void function "menu_show" 
  }
..\HARDWARE\src\ssyy.c(227): warning:  #111-D: statement is unreachable
  		break;	
..\HARDWARE\src\ssyy.c(238): warning:  #111-D: statement is unreachable
  		break;
..\HARDWARE\src\ssyy.c(249): warning:  #111-D: statement is unreachable
  		break;
..\HARDWARE\src\ssyy.c(252): warning:  #940-D: missing return statement at end of non-void function "Fingerprint_menu_show" 
  }
..\HARDWARE\src\ssyy.c(281): warning:  #111-D: statement is unreachable
  		break;	
..\HARDWARE\src\ssyy.c(292): warning:  #111-D: statement is unreachable
  		break;
..\HARDWARE\src\ssyy.c(303): warning:  #111-D: statement is unreachable
  		break;
..\HARDWARE\src\ssyy.c(316): warning:  #940-D: missing return statement at end of non-void function "RFID_menu_show" 
  }
..\HARDWARE\src\ssyy.c(325): warning:  #550-D: variable "keyboard_buff"  was set but never used
  	char keyboard_buff;
..\HARDWARE\src\ssyy.c(326): warning:  #177-D: variable "key_buff"  was declared but never referenced
  	uint8_t key_buff;
..\HARDWARE\src\ssyy.c(441): warning:  #177-D: variable "passwdbuff"  was declared but never referenced
  	char passwdbuff[12] = {0};		//
..\HARDWARE\src\ssyy.c(513): warning:  #177-D: variable "id"  was declared but never referenced
  	uint16_t id;
..\HARDWARE\src\ssyy.c(783): warning:  #177-D: variable "id_total"  was declared but never referenced
  	uint16_t id_total;
..\HARDWARE\src\ssyy.c: 17 warnings, 0 errors
linking...
Program Size: Code=17146 RO-data=2882 RW-data=3908 ZI-data=2396  
FromELF: creating hex file...
"..\OBJ\project.axf" - 0 Error(s), 17 Warning(s).

<h2>Software Packages used:</h2>

Package Vendor: Keil
                http://www.keil.com/pack/Keil.STM32F4xx_DFP.1.0.8.pack
                Keil.STM32F4xx_DFP.1.0.8
                STMicroelectronics STM32F4 Series Device Support, Drivers and Examples

<h2>Collection of Component include folders:</h2>
  .\RTE\_Target_1
  D:\Keil_v5\Arm\Packs\Keil\STM32F4xx_DFP\1.0.8\Device\Include

<h2>Collection of Component Files used:</h2>
Build Time Elapsed:  00:00:01
</pre>
</body>
</html>
