Component: ARM Compiler 5.06 update 6 (build 750) Tool: armlink [4d35ed]

==============================================================================

Section Cross References

    main.o(i.main) refers to misc.o(i.NVIC_PriorityGroupConfig) for NVIC_PriorityGroupConfig
    main.o(i.main) refers to delay.o(i.delay_init) for delay_init
    main.o(i.main) refers to bluetooth.o(i.Bluetooth_Init) for Bluetooth_Init
    main.o(i.main) refers to oled.o(i.OLED_Init) for OLED_Init
    main.o(i.main) refers to oled.o(i.OLED_startUI) for OLED_startUI
    main.o(i.main) refers to rtc.o(i.RTC_Config) for RTC_Config
    main.o(i.main) refers to buzzer.o(i.BUZZER_Init) for BUZZER_Init
    main.o(i.main) refers to pwm_servos.o(i.PWM_Servos_Init) for PWM_Servos_Init
    main.o(i.main) refers to pwm_servos.o(i.Servo_OFF) for Servo_OFF
    main.o(i.main) refers to key.o(i.KEY_Init) for KEY_Init
    main.o(i.main) refers to keyboard.o(i.key_board_init) for key_board_init
    main.o(i.main) refers to fingerprint.o(i.Fingerprint_Init) for Fingerprint_Init
    main.o(i.main) refers to mfrc522.o(i.MFRC522_Initializtion) for MFRC522_Initializtion
    main.o(i.main) refers to w25q128.o(i.W25Q128_Init) for W25Q128_Init
    main.o(i.main) refers to ssyy.o(i.Passward_Init) for Passward_Init
    main.o(i.main) refers to delay.o(i.delay_s) for delay_s
    main.o(i.main) refers to ssyy.o(i.Fion1_t) for Fion1_t
    main.o(i.main) refers to ssyy.o(i.Fion2_t) for Fion2_t
    main.o(i.main) refers to ssyy.o(i.Fion3_t) for Fion3_t
    main.o(i.main) refers to ssyy.o(i.Fion4_t) for Fion4_t
    main.o(i.main) refers to ssyy.o(i.Fion5_t) for Fion5_t
    main.o(i.main) refers to myprintf.o(.data) for __stdout
    main.o(.data) refers to main.o(i.app_OLED_task) for app_OLED_task
    main.o(.data) refers to main.o(.conststring) for .conststring
    main.o(.data) refers to main.o(.data) for app_OLED_TaskHandler
    main.o(.data) refers to main.o(i.app_Buzzer_task) for app_Buzzer_task
    main.o(.data) refers to main.o(.data) for app_Buzzer_TaskHandler
    main.o(.data) refers to main.o(i.app_Keyboard_task) for app_Keyboard_task
    main.o(.data) refers to main.o(.data) for app_Keyboard_TaskHandler
    main.o(.data) refers to main.o(i.app_RFID_task) for app_RFID_task
    main.o(.data) refers to main.o(.data) for app_RFID_TaskHandler
    main.o(.data) refers to main.o(i.app_Fingerprint_task) for app_Fingerprint_task
    main.o(.data) refers to main.o(.data) for app_Fingerprint_TaskHandler
    main.o(.data) refers to main.o(i.app_Bluetooth_task) for app_Bluetooth_task
    main.o(.data) refers to main.o(.data) for app_Bluetooth_TaskHandler
    main.o(.data) refers to main.o(i.app_Rtc_task) for app_Rtc_task
    main.o(.data) refers to main.o(.data) for app_Rtc_TaskHandler
    system_stm32f4xx.o(i.SystemCoreClockUpdate) refers to system_stm32f4xx.o(.data) for .data
    system_stm32f4xx.o(i.SystemInit) refers to system_stm32f4xx.o(i.SetSysClock) for SetSysClock
    stm32f4xx_adc.o(i.ADC_DeInit) refers to stm32f4xx_rcc.o(i.RCC_APB2PeriphResetCmd) for RCC_APB2PeriphResetCmd
    stm32f4xx_can.o(i.CAN_DeInit) refers to stm32f4xx_rcc.o(i.RCC_APB1PeriphResetCmd) for RCC_APB1PeriphResetCmd
    stm32f4xx_can.o(i.CAN_GetITStatus) refers to stm32f4xx_can.o(i.CheckITStatus) for CheckITStatus
    stm32f4xx_cryp.o(i.CRYP_DeInit) refers to stm32f4xx_rcc.o(i.RCC_AHB2PeriphResetCmd) for RCC_AHB2PeriphResetCmd
    stm32f4xx_cryp_aes.o(i.CRYP_AES_CBC) refers to stm32f4xx_cryp.o(i.CRYP_KeyStructInit) for CRYP_KeyStructInit
    stm32f4xx_cryp_aes.o(i.CRYP_AES_CBC) refers to stm32f4xx_cryp.o(i.CRYP_KeyInit) for CRYP_KeyInit
    stm32f4xx_cryp_aes.o(i.CRYP_AES_CBC) refers to stm32f4xx_cryp.o(i.CRYP_Init) for CRYP_Init
    stm32f4xx_cryp_aes.o(i.CRYP_AES_CBC) refers to stm32f4xx_cryp.o(i.CRYP_IVInit) for CRYP_IVInit
    stm32f4xx_cryp_aes.o(i.CRYP_AES_CBC) refers to stm32f4xx_cryp.o(i.CRYP_FIFOFlush) for CRYP_FIFOFlush
    stm32f4xx_cryp_aes.o(i.CRYP_AES_CBC) refers to stm32f4xx_cryp.o(i.CRYP_Cmd) for CRYP_Cmd
    stm32f4xx_cryp_aes.o(i.CRYP_AES_CBC) refers to stm32f4xx_cryp.o(i.CRYP_GetCmdStatus) for CRYP_GetCmdStatus
    stm32f4xx_cryp_aes.o(i.CRYP_AES_CBC) refers to stm32f4xx_cryp.o(i.CRYP_GetFlagStatus) for CRYP_GetFlagStatus
    stm32f4xx_cryp_aes.o(i.CRYP_AES_CBC) refers to stm32f4xx_cryp.o(i.CRYP_DataIn) for CRYP_DataIn
    stm32f4xx_cryp_aes.o(i.CRYP_AES_CBC) refers to stm32f4xx_cryp.o(i.CRYP_DataOut) for CRYP_DataOut
    stm32f4xx_cryp_aes.o(i.CRYP_AES_CCM) refers to stm32f4xx_cryp.o(i.CRYP_KeyStructInit) for CRYP_KeyStructInit
    stm32f4xx_cryp_aes.o(i.CRYP_AES_CCM) refers to stm32f4xx_cryp.o(i.CRYP_FIFOFlush) for CRYP_FIFOFlush
    stm32f4xx_cryp_aes.o(i.CRYP_AES_CCM) refers to stm32f4xx_cryp.o(i.CRYP_KeyInit) for CRYP_KeyInit
    stm32f4xx_cryp_aes.o(i.CRYP_AES_CCM) refers to stm32f4xx_cryp.o(i.CRYP_IVInit) for CRYP_IVInit
    stm32f4xx_cryp_aes.o(i.CRYP_AES_CCM) refers to stm32f4xx_cryp.o(i.CRYP_Init) for CRYP_Init
[...]
    i._is_digit                              0x0800329c   Section        0  __printf_wp.o(i._is_digit)
    i.check_sum                              0x080032aa   Section        0  fingerprint.o(i.check_sum)
    check_sum                                0x080032ab   Thumb Code    20  fingerprint.o(i.check_sum)
    i.delay_init                             0x080032c0   Section        0  delay.o(i.delay_init)
    i.delay_ms                               0x080032f4   Section        0  delay.o(i.delay_ms)
    i.delay_s                                0x08003334   Section        0  delay.o(i.delay_s)
    i.delay_us                               0x08003350   Section        0  delay.o(i.delay_us)
    i.fpm_ctrl_led                           0x08003388   Section        0  fingerprint.o(i.fpm_ctrl_led)
    i.fpm_empty                              0x080033b4   Section        0  fingerprint.o(i.fpm_empty)
    i.fpm_enroll_auto                        0x0800347c   Section        0  fingerprint.o(i.fpm_enroll_auto)
    i.fpm_id_total                           0x080035c8   Section        0  fingerprint.o(i.fpm_id_total)
    i.fpm_idenify_auto                       0x080036b0   Section        0  fingerprint.o(i.fpm_idenify_auto)
    i.fpm_send_data                          0x08003854   Section        0  fingerprint.o(i.fpm_send_data)
    i.fpm_sleep                              0x08003890   Section        0  fingerprint.o(i.fpm_sleep)
    i.fpm_touch_init                         0x080038b0   Section        0  fingerprint.o(i.fpm_touch_init)
    i.fputc                                  0x08003918   Section        0  myprintf.o(i.fputc)
    i.get_KEY_Num                            0x08003940   Section        0  key.o(i.get_KEY_Num)
    i.get_key_board                          0x080039b4   Section        0  keyboard.o(i.get_key_board)
    i.key_board_init                         0x08003be0   Section        0  keyboard.o(i.key_board_init)
    i.key_directives_verify                  0x08003c5c   Section        0  ssyy.o(i.key_directives_verify)
    i.key_passwd_revise                      0x08003c70   Section        0  ssyy.o(i.key_passwd_revise)
    i.key_passwd_verify                      0x08003db4   Section        0  ssyy.o(i.key_passwd_verify)
    i.main                                   0x08003dc8   Section        0  main.o(i.main)
    i.menu_show                              0x08003e50   Section        0  ssyy.o(i.menu_show)
    i.oled_pow                               0x08003f7c   Section        0  oled.o(i.oled_pow)
    i.prvResetNextTaskUnblockTime            0x08003f8c   Section        0  tasks.o(i.prvResetNextTaskUnblockTime)
    prvResetNextTaskUnblockTime              0x08003f8d   Thumb Code    24  tasks.o(i.prvResetNextTaskUnblockTime)
    i.software_iic_init                      0x08003fa8   Section        0  iic.o(i.software_iic_init)
    i.software_iic_recvAck                   0x08003fec   Section        0  iic.o(i.software_iic_recvAck)
    i.software_iic_sda_mode                  0x08004020   Section        0  iic.o(i.software_iic_sda_mode)
    i.software_iic_sendbyte                  0x08004054   Section        0  iic.o(i.software_iic_sendbyte)
    i.software_iic_start                     0x080040a0   Section        0  iic.o(i.software_iic_start)
    i.software_iic_stop                      0x080040d0   Section        0  iic.o(i.software_iic_stop)
    i.software_spi_init                      0x08004100   Section        0  w25q128.o(i.software_spi_init)
    i.software_spi_send_read_byte            0x08004160   Section        0  w25q128.o(i.software_spi_send_read_byte)
    i.tim3_init                              0x080041bc   Section        0  fingerprint.o(i.tim3_init)
    tim3_init                                0x080041bd   Thumb Code    80  fingerprint.o(i.tim3_init)
    i.usart2_printf_recv_buf                 0x08004218   Section        0  fingerprint.o(i.usart2_printf_recv_buf)
    usart2_printf_recv_buf                   0x08004219   Thumb Code    42  fingerprint.o(i.usart2_printf_recv_buf)
    i.user_passward_revise                   0x0800426c   Section        0  ssyy.o(i.user_passward_revise)
    i.vApplicationStackOverflowHook          0x080042a0   Section        0  main.o(i.vApplicationStackOverflowHook)
    i.vApplicationTickHook                   0x080042b0   Section        0  main.o(i.vApplicationTickHook)
    i.vTaskSwitchContext                     0x080042b4   Section        0  tasks.o(i.vTaskSwitchContext)
    i.xTaskIncrementTick                     0x0800433c   Section        0  tasks.o(i.xTaskIncrementTick)
    x$fpl$fpinit                             0x08004478   Section       10  fpinit.o(x$fpl$fpinit)
    $v0                                      0x08004478   Number         0  fpinit.o(x$fpl$fpinit)
    .constdata                               0x08004482   Section     2072  oled.o(.constdata)
    .constdata                               0x08004c9a   Section       48  fingerprint.o(.constdata)
    fpm_led_blue                             0x08004c9a   Data          16  fingerprint.o(.constdata)
    fpm_led_red                              0x08004caa   Data          16  fingerprint.o(.constdata)
    fpm_led_green                            0x08004cba   Data          16  fingerprint.o(.constdata)
    .constdata                               0x08004ccc   Section      276  ssyy.o(.constdata)
    .constdata                               0x08004de0   Section       40  _printf_hex_int_ll_ptr.o(.constdata)
    uc_hextab                                0x08004de0   Data          20  _printf_hex_int_ll_ptr.o(.constdata)
    lc_hextab                                0x08004df4   Data          20  _printf_hex_int_ll_ptr.o(.constdata)
    .constdata                               0x08004e08   Section       17  __printf_flags_ss_wp.o(.constdata)
    maptable                                 0x08004e08   Data          17  __printf_flags_ss_wp.o(.constdata)
    .data                                    0x20000000   Section       16  stm32f4xx_rcc.o(.data)
    APBAHBPrescTable                         0x20000000   Data          16  stm32f4xx_rcc.o(.data)
    .data                                    0x20000010   Section        8  usart.o(.data)
    g_USART1_recv_cnt                        0x20000014   Data           4  usart.o(.data)
    .data                                    0x20000018   Section        4  delay.o(.data)
    fac_us                                   0x20000018   Data           1  delay.o(.data)
    fac_ms                                   0x2000001a   Data           2  delay.o(.data)
    .data                                    0x2000001c   Section        8  myprintf.o(.data)
    .data                                    0x20000024   Section     3712  oled.o(.data)
    .data                                    0x20000ea4   Section       29  rfid.o(.data)
    .data                                    0x20000ec4   Section       40  fingerprint.o(.data)
    d                                        0x20000ec5   Data           1  fingerprint.o(.data)
    g_usart2_cnt                             0x20000ecc   Data           4  fingerprint.o(.data)
    g_usart2_event                           0x20000ed0   Data           4  fingerprint.o(.data)
    cnt                                      0x20000ed4   Data           4  fingerprint.o(.data)
    NVIC_InitStructure                       0x20000ed8   Data           4  fingerprint.o(.data)
    GPIO_InitStructure                       0x20000edc   Data           8  fingerprint.o(.data)
    EXTI_InitStructure                       0x20000ee4   Data           8  fingerprint.o(.data)
    .data                                    0x20000eec   Section       16  w25q128.o(.data)
    GPIO_InitStruct                          0x20000eec   Data           8  w25q128.o(.data)
    GPIO_InitStruct                          0x20000ef4   Data           8  w25q128.o(.data)
    .data                                    0x20000efc   Section        8  rtc.o(.data)
    .data                                    0x20000f04   Section       64  tasks.o(.data)
    uxDeletedTasksWaitingCleanUp             0x20000f08   Data           4  tasks.o(.data)
    uxCurrentNumberOfTasks                   0x20000f0c   Data           4  tasks.o(.data)
    xTickCount                               0x20000f10   Data           4  tasks.o(.data)
    uxTopReadyPriority                       0x20000f14   Data           4  tasks.o(.data)
    xSchedulerRunning                        0x20000f18   Data           4  tasks.o(.data)
    xPendedTicks                             0x20000f1c   Data           4  tasks.o(.data)
    xYieldPending                            0x20000f20   Data           4  tasks.o(.data)
    xNumOfOverflows                          0x20000f24   Data           4  tasks.o(.data)
    uxTaskNumber                             0x20000f28   Data           4  tasks.o(.data)
    xNextTaskUnblockTime                     0x20000f2c   Data           4  tasks.o(.data)
    xIdleTaskHandle                          0x20000f30   Data           4  tasks.o(.data)
    uxSchedulerSuspended                     0x20000f38   Data           4  tasks.o(.data)
    pxDelayedTaskList                        0x20000f3c   Data           4  tasks.o(.data)
    pxOverflowDelayedTaskList                0x20000f40   Data           4  tasks.o(.data)
    .bss                                     0x20000f44   Section      264  usart.o(.bss)
    .bss                                     0x2000104c   Section       33  rfid.o(.bss)
    .bss                                     0x20001070   Section       76  fingerprint.o(.bss)
    g_usart2_buf                             0x20001070   Data          64  fingerprint.o(.bss)
    TIM_TimeBaseStructure                    0x200010b0   Data          12  fingerprint.o(.bss)
    .bss                                     0x200010bc   Section      184  ssyy.o(.bss)
    passwd                                   0x200010bc   Data          12  ssyy.o(.bss)
    directives                               0x200010c8   Data          12  ssyy.o(.bss)
    bluetooth_passwd                         0x200010d4   Data          64  ssyy.o(.bss)
    bluetooth_logshow                        0x20001114   Data          64  ssyy.o(.bss)
    string1                                  0x20001154   Data          16  ssyy.o(.bss)
    string2                                  0x20001164   Data          16  ssyy.o(.bss)
    .bss                                     0x20001174   Section      200  tasks.o(.bss)
    pxReadyTasksLists                        0x20001174   Data         100  tasks.o(.bss)
    xDelayedTaskList1                        0x200011d8   Data          20  tasks.o(.bss)
    xDelayedTaskList2                        0x200011ec   Data          20  tasks.o(.bss)
    xPendingReadyList                        0x20001200   Data          20  tasks.o(.bss)
    xTasksWaitingTermination                 0x20001214   Data          20  tasks.o(.bss)
    xSuspendedTaskList                       0x20001228   Data          20  tasks.o(.bss)
    .bss                                     0x2000123c   Section       96  libspace.o(.bss)
    HEAP                                     0x200012a0   Section      512  startup_stm32f40_41xxx.o(HEAP)
    Heap_Mem                                 0x200012a0   Data         512  startup_stm32f40_41xxx.o(HEAP)
    STACK                                    0x200014a0   Section     1024  startup_stm32f40_41xxx.o(STACK)
    Stack_Mem                                0x200014a0   Data        1024  startup_stm32f40_41xxx.o(STACK)
    __initial_sp                             0x200018a0   Data           0  startup_stm32f40_41xxx.o(STACK)

    Global Symbols

    Symbol Name                              Value     Ov Type        Size  Object(Section)

    BuildAttributes$$THM_ISAv4$E$P$D$K$B$S$7EM$VFPi3$EXTD16$VFPS$VFMA$PE$A:L22UL41UL21$X:L11$S22US41US21$IEEE1$IW$USESV6$~STKCKD$USESV7$~SHL$OTIME$ROPI$IEEEJ$EBA8$UX$STANDARDLIB$REQ8$PRES8$EABIv2 0x00000000   Number         0  anon$$obj.o ABSOLUTE
    __ARM_use_no_argv                        0x00000000   Number         0  main.o ABSOLUTE
    _printf_flags                            0x00000000   Number         0  printf_stubs.o ABSOLUTE
    _printf_return_value                     0x00000000   Number         0  printf_stubs.o ABSOLUTE
    _printf_sizespec                         0x00000000   Number         0  printf_stubs.o ABSOLUTE
    _printf_widthprec                        0x00000000   Number         0  printf_stubs.o ABSOLUTE
    __ARM_exceptions_init                     - Undefined Weak Reference
    __alloca_initialize                       - Undefined Weak Reference
    __arm_preinit_                            - Undefined Weak Reference
    __cpp_initialize__aeabi_                  - Undefined Weak Reference
    __cxa_finalize                            - Undefined Weak Reference
    __sigvec_lookup                           - Undefined Weak Reference
    _atexit_init                              - Undefined Weak Reference
    _call_atexit_fns                          - Undefined Weak Reference
    _clock_init                               - Undefined Weak Reference
    _fp_trap_init                             - Undefined Weak Reference
    _fp_trap_shutdown                         - Undefined Weak Reference
    _get_lc_collate                           - Undefined Weak Reference
    _get_lc_monetary                          - Undefined Weak Reference
    _get_lc_time                              - Undefined Weak Reference
    _getenv_init                              - Undefined Weak Reference
    _handle_redirection                       - Undefined Weak Reference
    _init_alloc                               - Undefined Weak Reference
    _init_user_alloc                          - Undefined Weak Reference
    _initio                                   - Undefined Weak Reference
    _mutex_acquire                            - Undefined Weak Reference
    _mutex_release                            - Undefined Weak Reference
    _printf_mbtowc                            - Undefined Weak Reference
    _printf_wc                                - Undefined Weak Reference
    _rand_init                                - Undefined Weak Reference
    _signal_finish                            - Undefined Weak Reference
    _signal_init                              - Undefined Weak Reference
    _terminate_alloc                          - Undefined Weak Reference
    _terminate_user_alloc                     - Undefined Weak Reference
    _terminateio                              - Undefined Weak Reference
    __Vectors_Size                           0x00000188   Number         0  startup_stm32f40_41xxx.o ABSOLUTE
    __Vectors                                0x08000000   Data           4  startup_stm32f40_41xxx.o(RESET)
    __Vectors_End                            0x08000188   Data           0  startup_stm32f40_41xxx.o(RESET)
    __main                                   0x08000189   Thumb Code     8  __main.o(!!!main)
    __scatterload                            0x08000191   Thumb Code     0  __scatter.o(!!!scatter)
    __scatterload_rt2                        0x08000191   Thumb Code    44  __scatter.o(!!!scatter)
    __scatterload_rt2_thumb_only             0x08000191   Thumb Code     0  __scatter.o(!!!scatter)
    __scatterload_null                       0x0800019f   Thumb Code     0  __scatter.o(!!!scatter)
    __decompress                             0x080001c5   Thumb Code   100  __dclz77c.o(!!dclz77c)
    __decompress2                            0x080001c5   Thumb Code     0  __dclz77c.o(!!dclz77c)
    __scatterload_zeroinit                   0x08000229   Thumb Code    28  __scatter_zi.o(!!handler_zi)
    _printf_d                                0x08000245   Thumb Code     0  _printf_d.o(.ARM.Collect$$_printf_percent$$00000009)
    _printf_percent                          0x08000245   Thumb Code     0  _printf_percent.o(.ARM.Collect$$_printf_percent$$00000000)
    _printf_x                                0x0800024b   Thumb Code     0  _printf_x.o(.ARM.Collect$$_printf_percent$$0000000C)
    _printf_s                                0x08000251   Thumb Code     0  _printf_s.o(.ARM.Collect$$_printf_percent$$00000014)
    _printf_percent_end                      0x08000257   Thumb Code     0  _printf_percent_end.o(.ARM.Collect$$_printf_percent$$00000017)
    __rt_lib_init                            0x0800025b   Thumb Code     0  libinit.o(.ARM.Collect$$libinit$$00000000)
    __rt_lib_init_fp_1                       0x0800025d   Thumb Code     0  libinit2.o(.ARM.Collect$$libinit$$00000001)
    __rt_lib_init_alloca_1                   0x08000261   Thumb Code     0  libinit2.o(.ARM.Collect$$libinit$$0000002E)
    __rt_lib_init_argv_1                     0x08000261   Thumb Code     0  libinit2.o(.ARM.Collect$$libinit$$0000002C)
    __rt_lib_init_atexit_1                   0x08000261   Thumb Code     0  libinit2.o(.ARM.Collect$$libinit$$0000001B)
    __rt_lib_init_clock_1                    0x08000261   Thumb Code     0  libinit2.o(.ARM.Collect$$libinit$$00000021)
    __rt_lib_init_cpp_1                      0x08000261   Thumb Code     0  libinit2.o(.ARM.Collect$$libinit$$00000032)
    __rt_lib_init_exceptions_1               0x08000261   Thumb Code     0  libinit2.o(.ARM.Collect$$libinit$$00000030)
    __rt_lib_init_fp_trap_1                  0x08000261   Thumb Code     0  libinit2.o(.ARM.Collect$$libinit$$0000001F)
    __rt_lib_init_getenv_1                   0x08000261   Thumb Code     0  libinit2.o(.ARM.Collect$$libinit$$00000023)
    __rt_lib_init_heap_1                     0x08000261   Thumb Code     0  libinit2.o(.ARM.Collect$$libinit$$0000000A)
    __rt_lib_init_lc_collate_1               0x08000261   Thumb Code     0  libinit2.o(.ARM.Collect$$libinit$$00000011)
    __rt_lib_init_lc_ctype_1                 0x08000261   Thumb Code     0  libinit2.o(.ARM.Collect$$libinit$$00000013)
    __rt_lib_init_lc_monetary_1              0x08000261   Thumb Code     0  libinit2.o(.ARM.Collect$$libinit$$00000015)
    __rt_lib_init_lc_numeric_1               0x08000261   Thumb Code     0  libinit2.o(.ARM.Collect$$libinit$$00000017)
    __rt_lib_init_lc_time_1                  0x08000261   Thumb Code     0  libinit2.o(.ARM.Collect$$libinit$$00000019)
    __rt_lib_init_preinit_1                  0x08000261   Thumb Code     0  libinit2.o(.ARM.Collect$$libinit$$00000004)
    __rt_lib_init_rand_1                     0x08000261   Thumb Code     0  libinit2.o(.ARM.Collect$$libinit$$0000000E)
    __rt_lib_init_return                     0x08000261   Thumb Code     0  libinit2.o(.ARM.Collect$$libinit$$00000033)
    __rt_lib_init_signal_1                   0x08000261   Thumb Code     0  libinit2.o(.ARM.Collect$$libinit$$0000001D)
    __rt_lib_init_stdio_1                    0x08000261   Thumb Code     0  libinit2.o(.ARM.Collect$$libinit$$00000025)
    __rt_lib_init_user_alloc_1               0x08000261   Thumb Code     0  libinit2.o(.ARM.Collect$$libinit$$0000000C)
    __rt_lib_shutdown                        0x08000263   Thumb Code     0  libshutdown.o(.ARM.Collect$$libshutdown$$00000000)
    __rt_lib_shutdown_cpp_1                  0x08000265   Thumb Code     0  libshutdown2.o(.ARM.Collect$$libshutdown$$00000002)
    __rt_lib_shutdown_fp_trap_1              0x08000265   Thumb Code     0  libshutdown2.o(.ARM.Collect$$libshutdown$$00000007)
    __rt_lib_shutdown_heap_1                 0x08000265   Thumb Code     0  libshutdown2.o(.ARM.Collect$$libshutdown$$0000000F)
    __rt_lib_shutdown_return                 0x08000265   Thumb Code     0  libshutdown2.o(.ARM.Collect$$libshutdown$$00000010)
    __rt_lib_shutdown_signal_1               0x08000265   Thumb Code     0  libshutdown2.o(.ARM.Collect$$libshutdown$$0000000A)
    __rt_lib_shutdown_stdio_1                0x08000265   Thumb Code     0  libshutdown2.o(.ARM.Collect$$libshutdown$$00000004)
    __rt_lib_shutdown_user_alloc_1           0x08000265   Thumb Code     0  libshutdown2.o(.ARM.Collect$$libshutdown$$0000000C)
    __rt_entry                               0x08000267   Thumb Code     0  __rtentry.o(.ARM.Collect$$rtentry$$00000000)
    __rt_entry_presh_1                       0x08000267   Thumb Code     0  __rtentry2.o(.ARM.Collect$$rtentry$$00000002)
    __rt_entry_sh                            0x08000267   Thumb Code     0  __rtentry4.o(.ARM.Collect$$rtentry$$00000004)
    __rt_entry_li                            0x0800026d   Thumb Code     0  __rtentry2.o(.ARM.Collect$$rtentry$$0000000A)
    __rt_entry_postsh_1                      0x0800026d   Thumb Code     0  __rtentry2.o(.ARM.Collect$$rtentry$$00000009)
    __rt_entry_main                          0x08000271   Thumb Code     0  __rtentry2.o(.ARM.Collect$$rtentry$$0000000D)
    __rt_entry_postli_1                      0x08000271   Thumb Code     0  __rtentry2.o(.ARM.Collect$$rtentry$$0000000C)
    __rt_exit                                0x08000279   Thumb Code     0  rtexit.o(.ARM.Collect$$rtexit$$00000000)
    __rt_exit_ls                             0x0800027b   Thumb Code     0  rtexit2.o(.ARM.Collect$$rtexit$$00000003)
    __rt_exit_prels_1                        0x0800027b   Thumb Code     0  rtexit2.o(.ARM.Collect$$rtexit$$00000002)
    __rt_exit_exit                           0x0800027f   Thumb Code     0  rtexit2.o(.ARM.Collect$$rtexit$$00000004)
    SVC_Handler                              0x08000285   Thumb Code    28  port.o(.emb_text)
    __asm___6_port_c_39a90d8d__prvStartFirstTask 0x080002a5   Thumb Code    36  port.o(.emb_text)
    __asm___6_port_c_39a90d8d__prvEnableVFP  0x080002cd   Thumb Code    16  port.o(.emb_text)
    PendSV_Handler                           0x080002e1   Thumb Code    88  port.o(.emb_text)
    vPortGetIPSR                             0x0800033d   Thumb Code     6  port.o(.emb_text)
    Reset_Handler                            0x08000345   Thumb Code     8  startup_stm32f40_41xxx.o(.text)
    ADC_IRQHandler                           0x0800035f   Thumb Code     0  startup_stm32f40_41xxx.o(.text)
    CAN1_RX0_IRQHandler                      0x0800035f   Thumb Code     0  startup_stm32f40_41xxx.o(.text)
    CAN1_RX1_IRQHandler                      0x0800035f   Thumb Code     0  startup_stm32f40_41xxx.o(.text)
    CAN1_SCE_IRQHandler                      0x0800035f   Thumb Code     0  startup_stm32f40_41xxx.o(.text)
    CAN1_TX_IRQHandler                       0x0800035f   Thumb Code     0  startup_stm32f40_41xxx.o(.text)
    CAN2_RX0_IRQHandler                      0x0800035f   Thumb Code     0  startup_stm32f40_41xxx.o(.text)
    CAN2_RX1_IRQHandler                      0x0800035f   Thumb Code     0  startup_stm32f40_41xxx.o(.text)
    CAN2_SCE_IRQHandler                      0x0800035f   Thumb Code     0  startup_stm32f40_41xxx.o(.text)
    CAN2_TX_IRQHandler                       0x0800035f   Thumb Code     0  startup_stm32f40_41xxx.o(.text)
    CRYP_IRQHandler                          0x0800035f   Thumb Code     0  startup_stm32f40_41xxx.o(.text)
    DCMI_IRQHandler                          0x0800035f   Thumb Code     0  startup_stm32f40_41xxx.o(.text)
    DMA1_Stream0_IRQHandler                  0x0800035f   Thumb Code     0  startup_stm32f40_41xxx.o(.text)
    DMA1_Stream1_IRQHandler                  0x0800035f   Thumb Code     0  startup_stm32f40_41xxx.o(.text)
    DMA1_Stream2_IRQHandler                  0x0800035f   Thumb Code     0  startup_stm32f40_41xxx.o(.text)
    DMA1_Stream3_IRQHandler                  0x0800035f   Thumb Code     0  startup_stm32f40_41xxx.o(.text)
    DMA1_Stream4_IRQHandler                  0x0800035f   Thumb Code     0  startup_stm32f40_41xxx.o(.text)
    DMA1_Stream5_IRQHandler                  0x0800035f   Thumb Code     0  startup_stm32f40_41xxx.o(.text)
    DMA1_Stream6_IRQHandler                  0x0800035f   Thumb Code     0  startup_stm32f40_41xxx.o(.text)
    DMA1_Stream7_IRQHandler                  0x0800035f   Thumb Code     0  startup_stm32f40_41xxx.o(.text)
    DMA2_Stream0_IRQHandler                  0x0800035f   Thumb Code     0  startup_stm32f40_41xxx.o(.text)
    DMA2_Stream1_IRQHandler                  0x0800035f   Thumb Code     0  startup_stm32f40_41xxx.o(.text)
    DMA2_Stream2_IRQHandler                  0x0800035f   Thumb Code     0  startup_stm32f40_41xxx.o(.text)
    DMA2_Stream3_IRQHandler                  0x0800035f   Thumb Code     0  startup_stm32f40_41xxx.o(.text)
    DMA2_Stream4_IRQHandler                  0x0800035f   Thumb Code     0  startup_stm32f40_41xxx.o(.text)
    DMA2_Stream5_IRQHandler                  0x0800035f   Thumb Code     0  startup_stm32f40_41xxx.o(.text)
    DMA2_Stream6_IRQHandler                  0x0800035f   Thumb Code     0  startup_stm32f40_41xxx.o(.text)
    DMA2_Stream7_IRQHandler                  0x0800035f   Thumb Code     0  startup_stm32f40_41xxx.o(.text)
    ETH_IRQHandler                           0x0800035f   Thumb Code     0  startup_stm32f40_41xxx.o(.text)
    ETH_WKUP_IRQHandler                      0x0800035f   Thumb Code     0  startup_stm32f40_41xxx.o(.text)
    EXTI0_IRQHandler                         0x0800035f   Thumb Code     0  startup_stm32f40_41xxx.o(.text)
    EXTI15_10_IRQHandler                     0x0800035f   Thumb Code     0  startup_stm32f40_41xxx.o(.text)
    EXTI1_IRQHandler                         0x0800035f   Thumb Code     0  startup_stm32f40_41xxx.o(.text)
    EXTI2_IRQHandler                         0x0800035f   Thumb Code     0  startup_stm32f40_41xxx.o(.text)
    EXTI3_IRQHandler                         0x0800035f   Thumb Code     0  startup_stm32f40_41xxx.o(.text)
    EXTI4_IRQHandler                         0x0800035f   Thumb Code     0  startup_stm32f40_41xxx.o(.text)
    FLASH_IRQHandler                         0x0800035f   Thumb Code     0  startup_stm32f40_41xxx.o(.text)
    FPU_IRQHandler                           0x0800035f   Thumb Code     0  startup_stm32f40_41xxx.o(.text)
    FSMC_IRQHandler                          0x0800035f   Thumb Code     0  startup_stm32f40_41xxx.o(.text)
    HASH_RNG_IRQHandler                      0x0800035f   Thumb Code     0  startup_stm32f40_41xxx.o(.text)
    I2C1_ER_IRQHandler                       0x0800035f   Thumb Code     0  startup_stm32f40_41xxx.o(.text)
    I2C1_EV_IRQHandler                       0x0800035f   Thumb Code     0  startup_stm32f40_41xxx.o(.text)
    I2C2_ER_IRQHandler                       0x0800035f   Thumb Code     0  startup_stm32f40_41xxx.o(.text)
    I2C2_EV_IRQHandler                       0x0800035f   Thumb Code     0  startup_stm32f40_41xxx.o(.text)
    I2C3_ER_IRQHandler                       0x0800035f   Thumb Code     0  startup_stm32f40_41xxx.o(.text)
    I2C3_EV_IRQHandler                       0x0800035f   Thumb Code     0  startup_stm32f40_41xxx.o(.text)
    OTG_FS_IRQHandler                        0x0800035f   Thumb Code     0  startup_stm32f40_41xxx.o(.text)
    OTG_FS_WKUP_IRQHandler                   0x0800035f   Thumb Code     0  startup_stm32f40_41xxx.o(.text)
    OTG_HS_EP1_IN_IRQHandler                 0x0800035f   Thumb Code     0  startup_stm32f40_41xxx.o(.text)
    OTG_HS_EP1_OUT_IRQHandler                0x0800035f   Thumb Code     0  startup_stm32f40_41xxx.o(.text)
    OTG_HS_IRQHandler                        0x0800035f   Thumb Code     0  startup_stm32f40_41xxx.o(.text)
    OTG_HS_WKUP_IRQHandler                   0x0800035f   Thumb Code     0  startup_stm32f40_41xxx.o(.text)
    PVD_IRQHandler                           0x0800035f   Thumb Code     0  startup_stm32f40_41xxx.o(.text)
    RCC_IRQHandler                           0x0800035f   Thumb Code     0  startup_stm32f40_41xxx.o(.text)
    RTC_Alarm_IRQHandler                     0x0800035f   Thumb Code     0  startup_stm32f40_41xxx.o(.text)
    SDIO_IRQHandler                          0x0800035f   Thumb Code     0  startup_stm32f40_41xxx.o(.text)
    SPI1_IRQHandler                          0x0800035f   Thumb Code     0  startup_stm32f40_41xxx.o(.text)
    SPI2_IRQHandler                          0x0800035f   Thumb Code     0  startup_stm32f40_41xxx.o(.text)
    SPI3_IRQHandler                          0x0800035f   Thumb Code     0  startup_stm32f40_41xxx.o(.text)
    TAMP_STAMP_IRQHandler                    0x0800035f   Thumb Code     0  startup_stm32f40_41xxx.o(.text)
    TIM1_BRK_TIM9_IRQHandler                 0x0800035f   Thumb Code     0  startup_stm32f40_41xxx.o(.text)
    TIM1_CC_IRQHandler                       0x0800035f   Thumb Code     0  startup_stm32f40_41xxx.o(.text)
    TIM1_TRG_COM_TIM11_IRQHandler            0x0800035f   Thumb Code     0  startup_stm32f40_41xxx.o(.text)
    TIM1_UP_TIM10_IRQHandler                 0x0800035f   Thumb Code     0  startup_stm32f40_41xxx.o(.text)
    TIM2_IRQHandler                          0x0800035f   Thumb Code     0  startup_stm32f40_41xxx.o(.text)
    TIM4_IRQHandler                          0x0800035f   Thumb Code     0  startup_stm32f40_41xxx.o(.text)
    TIM5_IRQHandler                          0x0800035f   Thumb Code     0  startup_stm32f40_41xxx.o(.text)
    TIM6_DAC_IRQHandler                      0x0800035f   Thumb Code     0  startup_stm32f40_41xxx.o(.text)
    TIM7_IRQHandler                          0x0800035f   Thumb Code     0  startup_stm32f40_41xxx.o(.text)
    TIM8_BRK_TIM12_IRQHandler                0x0800035f   Thumb Code     0  startup_stm32f40_41xxx.o(.text)
    TIM8_CC_IRQHandler                       0x0800035f   Thumb Code     0  startup_stm32f40_41xxx.o(.text)
    TIM8_TRG_COM_TIM14_IRQHandler            0x0800035f   Thumb Code     0  startup_stm32f40_41xxx.o(.text)
    TIM8_UP_TIM13_IRQHandler                 0x0800035f   Thumb Code     0  startup_stm32f40_41xxx.o(.text)
    UART4_IRQHandler                         0x0800035f   Thumb Code     0  startup_stm32f40_41xxx.o(.text)
    UART5_IRQHandler                         0x0800035f   Thumb Code     0  startup_stm32f40_41xxx.o(.text)
    USART3_IRQHandler                        0x0800035f   Thumb Code     0  startup_stm32f40_41xxx.o(.text)
    USART6_IRQHandler                        0x0800035f   Thumb Code     0  startup_stm32f40_41xxx.o(.text)
    WWDG_IRQHandler                          0x0800035f   Thumb Code     0  startup_stm32f40_41xxx.o(.text)
    __user_initial_stackheap                 0x08000361   Thumb Code     0  startup_stm32f40_41xxx.o(.text)
    __2printf                                0x08000385   Thumb Code    20  __2printf.o(.text)
    __2sprintf                               0x0800039d   Thumb Code    38  __2sprintf.o(.text)
    _printf_pre_padding                      0x080003c9   Thumb Code    44  _printf_pad.o(.text)
    _printf_post_padding                     0x080003f5   Thumb Code    34  _printf_pad.o(.text)
    _printf_str                              0x08000417   Thumb Code    82  _printf_str.o(.text)
    _printf_int_dec                          0x08000469   Thumb Code   104  _printf_dec.o(.text)
    _printf_longlong_hex                     0x080004e1   Thumb Code    86  _printf_hex_int_ll_ptr.o(.text)
    _printf_int_hex                          0x08000537   Thumb Code    28  _printf_hex_int_ll_ptr.o(.text)
    _printf_ll_hex                           0x08000553   Thumb Code    12  _printf_hex_int_ll_ptr.o(.text)
    _printf_hex_ptr                          0x0800055f   Thumb Code    18  _printf_hex_int_ll_ptr.o(.text)
    __printf                                 0x08000575   Thumb Code   388  __printf_flags_ss_wp.o(.text)
    memcmp                                   0x080006fd   Thumb Code    88  memcmp.o(.text)
    __aeabi_memcpy4                          0x08000755   Thumb Code     0  rt_memcpy_w.o(.text)
    __aeabi_memcpy8                          0x08000755   Thumb Code     0  rt_memcpy_w.o(.text)
    __rt_memcpy_w                            0x08000755   Thumb Code   100  rt_memcpy_w.o(.text)
    _memcpy_lastbytes_aligned                0x0800079d   Thumb Code     0  rt_memcpy_w.o(.text)
    __aeabi_memclr                           0x080007b9   Thumb Code     0  rt_memclr.o(.text)
    __rt_memclr                              0x080007b9   Thumb Code    68  rt_memclr.o(.text)
    _memset                                  0x080007bd   Thumb Code     0  rt_memclr.o(.text)
    __aeabi_memclr4                          0x080007fd   Thumb Code     0  rt_memclr_w.o(.text)
    __aeabi_memclr8                          0x080007fd   Thumb Code     0  rt_memclr_w.o(.text)
    __rt_memclr_w                            0x080007fd   Thumb Code    78  rt_memclr_w.o(.text)
    _memset_w                                0x08000801   Thumb Code     0  rt_memclr_w.o(.text)
    strcmp                                   0x0800084d   Thumb Code   128  strcmpv7m.o(.text)
    __use_two_region_memory                  0x080008cd   Thumb Code     2  heapauxi.o(.text)
    __rt_heap_escrow$2region                 0x080008cf   Thumb Code     2  heapauxi.o(.text)
    __rt_heap_expand$2region                 0x080008d1   Thumb Code     2  heapauxi.o(.text)
    _printf_int_common                       0x080008d3   Thumb Code   178  _printf_intcommon.o(.text)
    _printf_char_common                      0x0800098f   Thumb Code    32  _printf_char_common.o(.text)
    _sputc                                   0x080009b5   Thumb Code    10  _sputc.o(.text)
    _printf_cs_common                        0x080009bf   Thumb Code    20  _printf_char.o(.text)
    _printf_char                             0x080009d3   Thumb Code    16  _printf_char.o(.text)
    _printf_string                           0x080009e3   Thumb Code     8  _printf_char.o(.text)
    _printf_char_file                        0x080009ed   Thumb Code    32  _printf_char_file.o(.text)
    ferror                                   0x08000a11   Thumb Code     8  ferror.o(.text)
    __user_setup_stackheap                   0x08000a19   Thumb Code    74  sys_stackheap_outer.o(.text)
    exit                                     0x08000a63   Thumb Code    18  exit.o(.text)
    __user_libspace                          0x08000a75   Thumb Code     8  libspace.o(.text)
    __user_perproc_libspace                  0x08000a75   Thumb Code     0  libspace.o(.text)
    __user_perthread_libspace                0x08000a75   Thumb Code     0  libspace.o(.text)
    _sys_exit                                0x08000a7d   Thumb Code     8  sys_exit.o(.text)
    __I$use$semihosting                      0x08000a89   Thumb Code     0  use_no_semi.o(.text)
    __use_no_semihosting_swi                 0x08000a89   Thumb Code     2  use_no_semi.o(.text)
    AntennaOn                                0x08000a8b   Thumb Code    26  mfrc522.o(i.AntennaOn)
    __semihosting_library_function           0x08000a8b   Thumb Code     0  indicate_semi.o(.text)
    BUZZER_Init                              0x08000aa5   Thumb Code    56  buzzer.o(i.BUZZER_Init)
    BUZZER_OFF                               0x08000ae1   Thumb Code    10  buzzer.o(i.BUZZER_OFF)
    BUZZER_ON                                0x08000af1   Thumb Code    10  buzzer.o(i.BUZZER_ON)
    Bluetooth_Init                           0x08000b01   Thumb Code     8  bluetooth.o(i.Bluetooth_Init)
    BusFault_Handler                         0x08000b09   Thumb Code     2  stm32f4xx_it.o(i.BusFault_Handler)
    CalulateCRC                              0x08000b0b   Thumb Code   112  mfrc522.o(i.CalulateCRC)
    ClearBitMask                             0x08000b7b   Thumb Code    24  mfrc522.o(i.ClearBitMask)
    DebugMon_Handler                         0x08000b93   Thumb Code     2  stm32f4xx_it.o(i.DebugMon_Handler)
    EXTI9_5_IRQHandler                       0x08000b95   Thumb Code    30  fingerprint.o(i.EXTI9_5_IRQHandler)
    EXTI_ClearITPendingBit                   0x08000bb9   Thumb Code     6  stm32f4xx_exti.o(i.EXTI_ClearITPendingBit)
    EXTI_GetITStatus                         0x08000bc5   Thumb Code    16  stm32f4xx_exti.o(i.EXTI_GetITStatus)
    EXTI_Init                                0x08000bd9   Thumb Code   108  stm32f4xx_exti.o(i.EXTI_Init)
    Fingerprint_Init                         0x08000c49   Thumb Code    26  fingerprint.o(i.Fingerprint_Init)
    Fingerprint_Unlock                       0x08000c63   Thumb Code    98  ssyy.o(i.Fingerprint_Unlock)
    Fingerprint_menu_show                    0x08000cc5   Thumb Code   292  ssyy.o(i.Fingerprint_menu_show)
    Fion1_t                                  0x08000df1   Thumb Code   400  ssyy.o(i.Fion1_t)
    Fion2_t                                  0x08000fe9   Thumb Code   242  ssyy.o(i.Fion2_t)
    Fion3_t                                  0x080010db   Thumb Code   340  ssyy.o(i.Fion3_t)
    Fion4_t                                  0x0800122f   Thumb Code   146  ssyy.o(i.Fion4_t)
    Fion5_t                                  0x080012c1   Thumb Code   142  ssyy.o(i.Fion5_t)
    GPIO_Init                                0x0800134f   Thumb Code   120  stm32f4xx_gpio.o(i.GPIO_Init)
    GPIO_PinAFConfig                         0x080013c7   Thumb Code    32  stm32f4xx_gpio.o(i.GPIO_PinAFConfig)
    GPIO_ReadInputDataBit                    0x080013e7   Thumb Code    14  stm32f4xx_gpio.o(i.GPIO_ReadInputDataBit)
    GPIO_ResetBits                           0x080013f5   Thumb Code     4  stm32f4xx_gpio.o(i.GPIO_ResetBits)
    GPIO_SetBits                             0x080013f9   Thumb Code     4  stm32f4xx_gpio.o(i.GPIO_SetBits)
    HardFault_Handler                        0x080013fd   Thumb Code     2  stm32f4xx_it.o(i.HardFault_Handler)
    KEY_Init                                 0x08001401   Thumb Code    70  key.o(i.KEY_Init)
    Logs_Flash                               0x08001451   Thumb Code   186  ssyy.o(i.Logs_Flash)
    MFRC522_Anticoll                         0x08001521   Thumb Code    92  mfrc522.o(i.MFRC522_Anticoll)
    MFRC522_Auth                             0x0800157d   Thumb Code    82  mfrc522.o(i.MFRC522_Auth)
    MFRC522_Initializtion                    0x080015cf   Thumb Code    74  mfrc522.o(i.MFRC522_Initializtion)
    MFRC522_Read                             0x08001619   Thumb Code    50  mfrc522.o(i.MFRC522_Read)
    MFRC522_Request                          0x0800164b   Thumb Code    46  mfrc522.o(i.MFRC522_Request)
    MFRC522_Reset                            0x08001679   Thumb Code    62  mfrc522.o(i.MFRC522_Reset)
    MFRC522_SelectTag                        0x080016bd   Thumb Code   106  mfrc522.o(i.MFRC522_SelectTag)
    MFRC522_ToCard                           0x08001727   Thumb Code   282  mfrc522.o(i.MFRC522_ToCard)
    MemManage_Handler                        0x08001841   Thumb Code     2  stm32f4xx_it.o(i.MemManage_Handler)
    NMI_Handler                              0x08001843   Thumb Code     2  stm32f4xx_it.o(i.NMI_Handler)
    NVIC_Init                                0x08001845   Thumb Code    96  misc.o(i.NVIC_Init)
    NVIC_PriorityGroupConfig                 0x080018a9   Thumb Code    10  misc.o(i.NVIC_PriorityGroupConfig)
    OLED_Add_show                            0x080018bd   Thumb Code    50  oled.o(i.OLED_Add_show)
    OLED_Clear                               0x080018ef   Thumb Code    58  oled.o(i.OLED_Clear)
    OLED_DataSend_show                       0x08001929   Thumb Code    62  oled.o(i.OLED_DataSend_show)
    OLED_Delete_show                         0x08001971   Thumb Code    50  oled.o(i.OLED_Delete_show)
    OLED_Fail_show                           0x080019a3   Thumb Code    50  oled.o(i.OLED_Fail_show)
    OLED_Fingerprint_addrun                  0x080019d5   Thumb Code    60  oled.o(i.OLED_Fingerprint_addrun)
    OLED_Fingerprint_run                     0x08001a11   Thumb Code    60  oled.o(i.OLED_Fingerprint_run)
    OLED_Init                                0x08001a4d   Thumb Code   234  oled.o(i.OLED_Init)
    OLED_RFID_addrun                         0x08001b39   Thumb Code    52  oled.o(i.OLED_RFID_addrun)
    OLED_Set_Pos                             0x08001b75   Thumb Code    42  oled.o(i.OLED_Set_Pos)
    OLED_ShowCHinese                         0x08001ba1   Thumb Code    74  oled.o(i.OLED_ShowCHinese)
    OLED_ShowChar                            0x08001bf1   Thumb Code   128  oled.o(i.OLED_ShowChar)
    OLED_ShowNum                             0x08001c79   Thumb Code   106  oled.o(i.OLED_ShowNum)
    OLED_ShowString                          0x08001ce3   Thumb Code    54  oled.o(i.OLED_ShowString)
    OLED_Success_show                        0x08001d19   Thumb Code    50  oled.o(i.OLED_Success_show)
    OLED_View_show                           0x08001d4b   Thumb Code    66  oled.o(i.OLED_View_show)
    OLED_WR_Byte                             0x08001d8d   Thumb Code    12  oled.o(i.OLED_WR_Byte)
    OLED_startUI                             0x08001d99   Thumb Code    50  oled.o(i.OLED_startUI)
    PWM_Servos_Init                          0x08001dcd   Thumb Code   148  pwm_servos.o(i.PWM_Servos_Init)
    PWR_BackupAccessCmd                      0x08001e69   Thumb Code     6  stm32f4xx_pwr.o(i.PWR_BackupAccessCmd)
    Passward_Init                            0x08001e75   Thumb Code   418  ssyy.o(i.Passward_Init)
    RCC_AHB1PeriphClockCmd                   0x0800202d   Thumb Code    18  stm32f4xx_rcc.o(i.RCC_AHB1PeriphClockCmd)
    RCC_APB1PeriphClockCmd                   0x08002045   Thumb Code    18  stm32f4xx_rcc.o(i.RCC_APB1PeriphClockCmd)
    RCC_APB2PeriphClockCmd                   0x0800205d   Thumb Code    18  stm32f4xx_rcc.o(i.RCC_APB2PeriphClockCmd)
    RCC_GetClocksFreq                        0x08002075   Thumb Code   132  stm32f4xx_rcc.o(i.RCC_GetClocksFreq)
    RCC_GetFlagStatus                        0x08002105   Thumb Code    46  stm32f4xx_rcc.o(i.RCC_GetFlagStatus)
    RCC_LSEConfig                            0x08002139   Thumb Code    22  stm32f4xx_rcc.o(i.RCC_LSEConfig)
    RCC_RTCCLKCmd                            0x08002155   Thumb Code     6  stm32f4xx_rcc.o(i.RCC_RTCCLKCmd)
    RCC_RTCCLKConfig                         0x08002161   Thumb Code    40  stm32f4xx_rcc.o(i.RCC_RTCCLKConfig)
    RFID_Delete                              0x08002191   Thumb Code     8  rfid.o(i.RFID_Delete)
    RFID_Enroll                              0x08002199   Thumb Code   202  rfid.o(i.RFID_Enroll)
    RFID_Get_num                             0x0800227d   Thumb Code    56  rfid.o(i.RFID_Get_num)
    RFID_Verify                              0x080022b5   Thumb Code   122  rfid.o(i.RFID_Verify)
    RFID_menu_show                           0x08002349   Thumb Code   268  ssyy.o(i.RFID_menu_show)
    RTC_Config                               0x08002491   Thumb Code   136  rtc.o(i.RTC_Config)
    RTC_EnterInitMode                        0x0800251d   Thumb Code    56  stm32f4xx_rtc.o(i.RTC_EnterInitMode)
    RTC_ExitInitMode                         0x08002559   Thumb Code    12  stm32f4xx_rtc.o(i.RTC_ExitInitMode)
    RTC_GetDate                              0x08002569   Thumb Code    66  stm32f4xx_rtc.o(i.RTC_GetDate)
    RTC_GetTime                              0x080025b5   Thumb Code    70  stm32f4xx_rtc.o(i.RTC_GetTime)
    RTC_Init                                 0x08002605   Thumb Code    74  stm32f4xx_rtc.o(i.RTC_Init)
    RTC_ReadBackupRegister                   0x08002655   Thumb Code    14  stm32f4xx_rtc.o(i.RTC_ReadBackupRegister)
    RTC_SetDate                              0x08002669   Thumb Code   144  stm32f4xx_rtc.o(i.RTC_SetDate)
    RTC_SetTime                              0x08002701   Thumb Code   150  stm32f4xx_rtc.o(i.RTC_SetTime)
    RTC_WKUP_IRQHandler                      0x080027a1   Thumb Code     2  rtc.o(i.RTC_WKUP_IRQHandler)
    RTC_WaitForSynchro                       0x080027a5   Thumb Code    70  stm32f4xx_rtc.o(i.RTC_WaitForSynchro)
    RTC_WriteBackupRegister                  0x080027f1   Thumb Code    14  stm32f4xx_rtc.o(i.RTC_WriteBackupRegister)
    Read_MFRC522                             0x08002805   Thumb Code    46  mfrc522.o(i.Read_MFRC522)
    SPI3_Receive                             0x08002839   Thumb Code   110  mfrc522.o(i.SPI3_Receive)
    SPI3_Send                                0x080028b1   Thumb Code    86  mfrc522.o(i.SPI3_Send)
    STM32_SPI3_Init                          0x08002911   Thumb Code   132  mfrc522.o(i.STM32_SPI3_Init)
    SYSCFG_EXTILineConfig                    0x0800299d   Thumb Code    42  stm32f4xx_syscfg.o(i.SYSCFG_EXTILineConfig)
    Servo_OFF                                0x080029cd   Thumb Code     8  pwm_servos.o(i.Servo_OFF)
    Servo_ON                                 0x080029d9   Thumb Code     8  pwm_servos.o(i.Servo_ON)
    Servo_SetAngle                           0x080029e5   Thumb Code    64  pwm_servos.o(i.Servo_SetAngle)
    SetBitMask                               0x08002a3d   Thumb Code    24  mfrc522.o(i.SetBitMask)
    SysTick_CLKSourceConfig                  0x08002b09   Thumb Code    24  misc.o(i.SysTick_CLKSourceConfig)
    SysTick_Handler                          0x08002b21   Thumb Code    38  port.o(i.SysTick_Handler)
    SystemInit                               0x08002b4d   Thumb Code    74  system_stm32f4xx.o(i.SystemInit)
    TIM3_IRQHandler                          0x08002ba9   Thumb Code    60  fingerprint.o(i.TIM3_IRQHandler)
    TIM_ClearITPendingBit                    0x08002bed   Thumb Code     6  stm32f4xx_tim.o(i.TIM_ClearITPendingBit)
    TIM_Cmd                                  0x08002bf3   Thumb Code    20  stm32f4xx_tim.o(i.TIM_Cmd)
    TIM_CtrlPWMOutputs                       0x08002c07   Thumb Code    22  stm32f4xx_tim.o(i.TIM_CtrlPWMOutputs)
    TIM_GetITStatus                          0x08002c1d   Thumb Code    24  stm32f4xx_tim.o(i.TIM_GetITStatus)
    TIM_ITConfig                             0x08002c35   Thumb Code    16  stm32f4xx_tim.o(i.TIM_ITConfig)
    TIM_OC4Init                              0x08002c45   Thumb Code    88  stm32f4xx_tim.o(i.TIM_OC4Init)
    TIM_SetCompare4                          0x08002ca5   Thumb Code     4  stm32f4xx_tim.o(i.TIM_SetCompare4)
    TIM_TimeBaseInit                         0x08002ca9   Thumb Code    96  stm32f4xx_tim.o(i.TIM_TimeBaseInit)
    USART1_IRQHandler                        0x08002d25   Thumb Code    76  usart.o(i.USART1_IRQHandler)
    USART1_Init                              0x08002d7d   Thumb Code   162  usart.o(i.USART1_Init)
    USART2_IRQHandler                        0x08002e29   Thumb Code    64  fingerprint.o(i.USART2_IRQHandler)
    USART2_Init                              0x08002e75   Thumb Code   158  usart.o(i.USART2_Init)
    USART_ClearFlag                          0x08002f1d   Thumb Code     6  stm32f4xx_usart.o(i.USART_ClearFlag)
    USART_ClearITPendingBit                  0x08002f23   Thumb Code    12  stm32f4xx_usart.o(i.USART_ClearITPendingBit)
    USART_Cmd                                0x08002f2f   Thumb Code    20  stm32f4xx_usart.o(i.USART_Cmd)
    USART_GetFlagStatus                      0x08002f43   Thumb Code    14  stm32f4xx_usart.o(i.USART_GetFlagStatus)
    USART_GetITStatus                        0x08002f51   Thumb Code    62  stm32f4xx_usart.o(i.USART_GetITStatus)
    USART_ITConfig                           0x08002f8f   Thumb Code    48  stm32f4xx_usart.o(i.USART_ITConfig)
    USART_Init                               0x08002fc1   Thumb Code   164  stm32f4xx_usart.o(i.USART_Init)
    USART_ReceiveData                        0x0800306d   Thumb Code     8  stm32f4xx_usart.o(i.USART_ReceiveData)
    USART_SendData                           0x08003075   Thumb Code     8  stm32f4xx_usart.o(i.USART_SendData)
    UsageFault_Handler                       0x0800307d   Thumb Code     2  stm32f4xx_it.o(i.UsageFault_Handler)
    W25Q128_Init                             0x08003081   Thumb Code    52  w25q128.o(i.W25Q128_Init)
    W25Q128_PageProgram                      0x080030c1   Thumb Code    82  w25q128.o(i.W25Q128_PageProgram)
    W25Q128_ReadData                         0x08003119   Thumb Code    72  w25q128.o(i.W25Q128_ReadData)
    W25Q128_ReadRegistr                      0x08003165   Thumb Code    32  w25q128.o(i.W25Q128_ReadRegistr)
    W25Q128_SectorErase                      0x08003189   Thumb Code    68  w25q128.o(i.W25Q128_SectorErase)
    W25Q128_WriteDisable                     0x080031d1   Thumb Code    26  w25q128.o(i.W25Q128_WriteDisable)
    W25Q128_WriteEnable                      0x080031f1   Thumb Code    26  w25q128.o(i.W25Q128_WriteEnable)
    Write_IIC_Command                        0x08003211   Thumb Code    46  oled.o(i.Write_IIC_Command)
    Write_IIC_Data                           0x0800323f   Thumb Code    46  oled.o(i.Write_IIC_Data)
    Write_MFRC522                            0x0800326d   Thumb Code    44  mfrc522.o(i.Write_MFRC522)
    _is_digit                                0x0800329d   Thumb Code    14  __printf_wp.o(i._is_digit)
    delay_init                               0x080032c1   Thumb Code    46  delay.o(i.delay_init)
    delay_ms                                 0x080032f5   Thumb Code    58  delay.o(i.delay_ms)
    delay_s                                  0x08003335   Thumb Code    28  delay.o(i.delay_s)
    delay_us                                 0x08003351   Thumb Code    52  delay.o(i.delay_us)
    fpm_ctrl_led                             0x08003389   Thumb Code    40  fingerprint.o(i.fpm_ctrl_led)
    fpm_empty                                0x080033b5   Thumb Code    96  fingerprint.o(i.fpm_empty)
    fpm_enroll_auto                          0x0800347d   Thumb Code   198  fingerprint.o(i.fpm_enroll_auto)
    fpm_id_total                             0x080035c9   Thumb Code   110  fingerprint.o(i.fpm_id_total)
    fpm_idenify_auto                         0x080036b1   Thumb Code   238  fingerprint.o(i.fpm_idenify_auto)
    fpm_send_data                            0x08003855   Thumb Code    52  fingerprint.o(i.fpm_send_data)
    fpm_sleep                                0x08003891   Thumb Code    20  fingerprint.o(i.fpm_sleep)
    fpm_touch_init                           0x080038b1   Thumb Code    94  fingerprint.o(i.fpm_touch_init)
    fputc                                    0x08003919   Thumb Code    38  myprintf.o(i.fputc)
    get_KEY_Num                              0x08003941   Thumb Code   106  key.o(i.get_KEY_Num)
    get_key_board                            0x080039b5   Thumb Code   546  keyboard.o(i.get_key_board)
    key_board_init                           0x08003be1   Thumb Code   114  keyboard.o(i.key_board_init)
    key_directives_verify                    0x08003c5d   Thumb Code    16  ssyy.o(i.key_directives_verify)
    key_passwd_revise                        0x08003c71   Thumb Code   322  ssyy.o(i.key_passwd_revise)
    key_passwd_verify                        0x08003db5   Thumb Code    16  ssyy.o(i.key_passwd_verify)
    main                                     0x08003dc9   Thumb Code   126  main.o(i.main)
    menu_show                                0x08003e51   Thumb Code   284  ssyy.o(i.menu_show)
    oled_pow                                 0x08003f7d   Thumb Code    16  oled.o(i.oled_pow)
    software_iic_init                        0x08003fa9   Thumb Code    58  iic.o(i.software_iic_init)
    software_iic_recvAck                     0x08003fed   Thumb Code    48  iic.o(i.software_iic_recvAck)
    software_iic_sda_mode                    0x08004021   Thumb Code    48  iic.o(i.software_iic_sda_mode)
    software_iic_sendbyte                    0x08004055   Thumb Code    70  iic.o(i.software_iic_sendbyte)
    software_iic_start                       0x080040a1   Thumb Code    44  iic.o(i.software_iic_start)
    software_iic_stop                        0x080040d1   Thumb Code    44  iic.o(i.software_iic_stop)
    software_spi_init                        0x08004101   Thumb Code    84  w25q128.o(i.software_spi_init)
    software_spi_send_read_byte              0x08004161   Thumb Code    86  w25q128.o(i.software_spi_send_read_byte)
    user_passward_revise                     0x0800426d   Thumb Code    48  ssyy.o(i.user_passward_revise)
    vApplicationStackOverflowHook            0x080042a1   Thumb Code    16  main.o(i.vApplicationStackOverflowHook)
    vApplicationTickHook                     0x080042b1   Thumb Code     2  main.o(i.vApplicationTickHook)
    vTaskSwitchContext                       0x080042b5   Thumb Code   126  tasks.o(i.vTaskSwitchContext)
    xTaskIncrementTick                       0x0800433d   Thumb Code   306  tasks.o(i.xTaskIncrementTick)
    _fp_init                                 0x08004479   Thumb Code    10  fpinit.o(x$fpl$fpinit)
    __fplib_config_fpu_vfp                   0x08004481   Thumb Code     0  fpinit.o(x$fpl$fpinit)
    __fplib_config_pureend_doubles           0x08004481   Thumb Code     0  fpinit.o(x$fpl$fpinit)
    F6x8                                     0x08004482   Data         552  oled.o(.constdata)
    F8X16                                    0x080046aa   Data        1520  oled.o(.constdata)
    pass                                     0x08004cd4   Data          12  ssyy.o(.constdata)
    Region$$Table$$Base                      0x08004e1c   Number         0  anon$$obj.o(Region$$Table)
    Region$$Table$$Limit                     0x08004e3c   Number         0  anon$$obj.o(Region$$Table)
    USART2_RX_STA                            0x20000010   Data           2  usart.o(.data)
    __stdout                                 0x2000001c   Data           8  myprintf.o(.data)
    Hzk                                      0x20000024   Data        3712  oled.o(.data)
    card_pydebuf                             0x20000ea4   Data           2  rfid.o(.data)
    card_numberbuf                           0x20000ea6   Data           5  rfid.o(.data)
    card_key0Abuf                            0x20000eab   Data           6  rfid.o(.data)
    card_writebuf                            0x20000eb1   Data          16  rfid.o(.data)
    USART2_STA                               0x20000ec4   Data           1  fingerprint.o(.data)
    g_fpm_touch_event                        0x20000ec8   Data           4  fingerprint.o(.data)
    RTC_TimeStruct                           0x20000efc   Data           4  rtc.o(.data)
    RTC_DateStruct                           0x20000f00   Data           4  rtc.o(.data)
    pxCurrentTCB                             0x20000f04   Data           4  tasks.o(.data)
    uxTopUsedPriority                        0x20000f34   Data           4  tasks.o(.data)
    g_USART1_recv_buf                        0x20000f44   Data          64  usart.o(.bss)
    USART2_RX_BUF                            0x20000f84   Data         200  usart.o(.bss)
    card_enrollnum                           0x2000104c   Data          15  rfid.o(.bss)
    card_readbuf                             0x2000105b   Data          18  rfid.o(.bss)
    __libspace_start                         0x2000123c   Data          96  libspace.o(.bss)
    __temporary_stack_top$libspace           0x2000129c   Data           0  libspace.o(.bss)



==============================================================================

Memory Map of the image

  Image Entry point : 0x08000189

  Load Region LR_IROM1 (Base: 0x08000000, Size: 0x00005d80, Max: 0x00080000, ABSOLUTE, COMPRESSED[0x000054a8])

    Execution Region ER_IROM1 (Exec base: 0x08000000, Load base: 0x08000000, Size: 0x00004e3c, Max: 0x00080000, ABSOLUTE)

    Exec Addr    Load Addr    Size         Type   Attr      Idx    E Section Name        Object

    0x08000000   0x08000000   0x00000188   Data   RO         5134    RESET               startup_stm32f40_41xxx.o
    0x08000188   0x08000188   0x00000008   Code   RO         7753  * !!!main             c_w.l(__main.o)
    0x08000190   0x08000190   0x00000034   Code   RO         8027    !!!scatter          c_w.l(__scatter.o)
    0x080001c4   0x080001c4   0x00000064   Code   RO         8025    !!dclz77c           c_w.l(__dclz77c.o)
    0x08000228   0x08000228   0x0000001c   Code   RO         8029    !!handler_zi        c_w.l(__scatter_zi.o)
    0x08000244   0x08000244   0x00000000   Code   RO         7732    .ARM.Collect$$_printf_percent$$00000000  c_w.l(_printf_percent.o)
    0x08000244   0x08000244   0x00000006   Code   RO         7731    .ARM.Collect$$_printf_percent$$00000009  c_w.l(_printf_d.o)
    0x0800024a   0x0800024a   0x00000006   Code   RO         7730    .ARM.Collect$$_printf_percent$$0000000C  c_w.l(_printf_x.o)
    0x08000250   0x08000250   0x00000006   Code   RO         7729    .ARM.Collect$$_printf_percent$$00000014  c_w.l(_printf_s.o)
    0x08000256   0x08000256   0x00000004   Code   RO         7791    .ARM.Collect$$_printf_percent$$00000017  c_w.l(_printf_percent_end.o)
    0x0800025a   0x0800025a   0x00000002   Code   RO         7887    .ARM.Collect$$libinit$$00000000  c_w.l(libinit.o)
    0x0800025c   0x0800025c   0x00000004   Code   RO         7901    .ARM.Collect$$libinit$$00000001  c_w.l(libinit2.o)
    0x08000260   0x08000260   0x00000000   Code   RO         7904    .ARM.Collect$$libinit$$00000004  c_w.l(libinit2.o)
    0x08000260   0x08000260   0x00000000   Code   RO         7907    .ARM.Collect$$libinit$$0000000A  c_w.l(libinit2.o)
    0x08000260   0x08000260   0x00000000   Code   RO         7909    .ARM.Collect$$libinit$$0000000C  c_w.l(libinit2.o)
    0x08000260   0x08000260   0x00000000   Code   RO         7911    .ARM.Collect$$libinit$$0000000E  c_w.l(libinit2.o)
    0x08000260   0x08000260   0x00000000   Code   RO         7914    .ARM.Collect$$libinit$$00000011  c_w.l(libinit2.o)
    0x08000260   0x08000260   0x00000000   Code   RO         7916    .ARM.Collect$$libinit$$00000013  c_w.l(libinit2.o)
    0x08000260   0x08000260   0x00000000   Code   RO         7918    .ARM.Collect$$libinit$$00000015  c_w.l(libinit2.o)
    0x08000260   0x08000260   0x00000000   Code   RO         7920    .ARM.Collect$$libinit$$00000017  c_w.l(libinit2.o)
    0x08000260   0x08000260   0x00000000   Code   RO         7922    .ARM.Collect$$libinit$$00000019  c_w.l(libinit2.o)
    0x08000260   0x08000260   0x00000000   Code   RO         7924    .ARM.Collect$$libinit$$0000001B  c_w.l(libinit2.o)
    0x08000260   0x08000260   0x00000000   Code   RO         7926    .ARM.Collect$$libinit$$0000001D  c_w.l(libinit2.o)
    0x08000260   0x08000260   0x00000000   Code   RO         7928    .ARM.Collect$$libinit$$0000001F  c_w.l(libinit2.o)
    0x08000260   0x08000260   0x00000000   Code   RO         7930    .ARM.Collect$$libinit$$00000021  c_w.l(libinit2.o)
    0x08000260   0x08000260   0x00000000   Code   RO         7932    .ARM.Collect$$libinit$$00000023  c_w.l(libinit2.o)
    0x08000260   0x08000260   0x00000000   Code   RO         7934    .ARM.Collect$$libinit$$00000025  c_w.l(libinit2.o)
    0x08000260   0x08000260   0x00000000   Code   RO         7938    .ARM.Collect$$libinit$$0000002C  c_w.l(libinit2.o)
    0x08000260   0x08000260   0x00000000   Code   RO         7940    .ARM.Collect$$libinit$$0000002E  c_w.l(libinit2.o)
    0x08000260   0x08000260   0x00000000   Code   RO         7942    .ARM.Collect$$libinit$$00000030  c_w.l(libinit2.o)
    0x08000260   0x08000260   0x00000000   Code   RO         7944    .ARM.Collect$$libinit$$00000032  c_w.l(libinit2.o)
    0x08000260   0x08000260   0x00000002   Code   RO         7945    .ARM.Collect$$libinit$$00000033  c_w.l(libinit2.o)
    0x08000262   0x08000262   0x00000002   Code   RO         7965    .ARM.Collect$$libshutdown$$00000000  c_w.l(libshutdown.o)
    0x08000264   0x08000264   0x00000000   Code   RO         7978    .ARM.Collect$$libshutdown$$00000002  c_w.l(libshutdown2.o)
    0x08000264   0x08000264   0x00000000   Code   RO         7980    .ARM.Collect$$libshutdown$$00000004  c_w.l(libshutdown2.o)
    0x08000264   0x08000264   0x00000000   Code   RO         7983    .ARM.Collect$$libshutdown$$00000007  c_w.l(libshutdown2.o)
    0x08000264   0x08000264   0x00000000   Code   RO         7986    .ARM.Collect$$libshutdown$$0000000A  c_w.l(libshutdown2.o)
    0x08000264   0x08000264   0x00000000   Code   RO         7988    .ARM.Collect$$libshutdown$$0000000C  c_w.l(libshutdown2.o)
    0x08000264   0x08000264   0x00000000   Code   RO         7991    .ARM.Collect$$libshutdown$$0000000F  c_w.l(libshutdown2.o)
    0x08000264   0x08000264   0x00000002   Code   RO         7992    .ARM.Collect$$libshutdown$$00000010  c_w.l(libshutdown2.o)
    0x08000266   0x08000266   0x00000000   Code   RO         7755    .ARM.Collect$$rtentry$$00000000  c_w.l(__rtentry.o)
    0x08000266   0x08000266   0x00000000   Code   RO         7810    .ARM.Collect$$rtentry$$00000002  c_w.l(__rtentry2.o)
    0x08000266   0x08000266   0x00000006   Code   RO         7822    .ARM.Collect$$rtentry$$00000004  c_w.l(__rtentry4.o)
    0x0800026c   0x0800026c   0x00000000   Code   RO         7812    .ARM.Collect$$rtentry$$00000009  c_w.l(__rtentry2.o)
    0x0800026c   0x0800026c   0x00000004   Code   RO         7813    .ARM.Collect$$rtentry$$0000000A  c_w.l(__rtentry2.o)
    0x08000270   0x08000270   0x00000000   Code   RO         7815    .ARM.Collect$$rtentry$$0000000C  c_w.l(__rtentry2.o)
    0x08000270   0x08000270   0x00000008   Code   RO         7816    .ARM.Collect$$rtentry$$0000000D  c_w.l(__rtentry2.o)
    0x08000278   0x08000278   0x00000002   Code   RO         7896    .ARM.Collect$$rtexit$$00000000  c_w.l(rtexit.o)
    0x0800027a   0x0800027a   0x00000000   Code   RO         7947    .ARM.Collect$$rtexit$$00000002  c_w.l(rtexit2.o)
    0x0800027a   0x0800027a   0x00000004   Code   RO         7948    .ARM.Collect$$rtexit$$00000003  c_w.l(rtexit2.o)
    0x0800027e   0x0800027e   0x00000006   Code   RO         7949    .ARM.Collect$$rtexit$$00000004  c_w.l(rtexit2.o)
    0x08000284   0x08000284   0x000000be   Code   RO         7591    .emb_text           port.o
    0x08000342   0x08000342   0x00000002   PAD
    0x08000344   0x08000344   0x00000040   Code   RO         5135    .text               startup_stm32f40_41xxx.o
    0x08000384   0x08000384   0x00000018   Code   RO         7672    .text               c_w.l(__2printf.o)
    0x0800039c   0x0800039c   0x0000002c   Code   RO         7674    .text               c_w.l(__2sprintf.o)
    0x080003c8   0x080003c8   0x0000004e   Code   RO         7682    .text               c_w.l(_printf_pad.o)
    0x08000416   0x08000416   0x00000052   Code   RO         7684    .text               c_w.l(_printf_str.o)
    0x08000468   0x08000468   0x00000078   Code   RO         7686    .text               c_w.l(_printf_dec.o)
    0x080004e0   0x080004e0   0x00000094   Code   RO         7706    .text               c_w.l(_printf_hex_int_ll_ptr.o)
    0x08000574   0x08000574   0x00000188   Code   RO         7726    .text               c_w.l(__printf_flags_ss_wp.o)
    0x080006fc   0x080006fc   0x00000058   Code   RO         7735    .text               c_w.l(memcmp.o)
    0x08000754   0x08000754   0x00000064   Code   RO         7739    .text               c_w.l(rt_memcpy_w.o)
    0x080007b8   0x080007b8   0x00000044   Code   RO         7745    .text               c_w.l(rt_memclr.o)
    0x080007fc   0x080007fc   0x0000004e   Code   RO         7747    .text               c_w.l(rt_memclr_w.o)
    0x0800084a   0x0800084a   0x00000002   PAD
    0x0800084c   0x0800084c   0x00000080   Code   RO         7749    .text               c_w.l(strcmpv7m.o)
    0x080008cc   0x080008cc   0x00000006   Code   RO         7751    .text               c_w.l(heapauxi.o)
    0x080008d2   0x080008d2   0x000000b2   Code   RO         7758    .text               c_w.l(_printf_intcommon.o)
    0x08000984   0x08000984   0x00000030   Code   RO         7762    .text               c_w.l(_printf_char_common.o)
    0x080009b4   0x080009b4   0x0000000a   Code   RO         7764    .text               c_w.l(_sputc.o)
    0x080009be   0x080009be   0x0000002c   Code   RO         7766    .text               c_w.l(_printf_char.o)
    0x080009ea   0x080009ea   0x00000002   PAD
    0x080009ec   0x080009ec   0x00000024   Code   RO         7768    .text               c_w.l(_printf_char_file.o)
    0x08000a10   0x08000a10   0x00000008   Code   RO         7835    .text               c_w.l(ferror.o)
    0x08000a18   0x08000a18   0x0000004a   Code   RO         7841    .text               c_w.l(sys_stackheap_outer.o)
    0x08000a62   0x08000a62   0x00000012   Code   RO         7880    .text               c_w.l(exit.o)
    0x08000a74   0x08000a74   0x00000008   Code   RO         7893    .text               c_w.l(libspace.o)
    0x08000a7c   0x08000a7c   0x0000000c   Code   RO         7957    .text               c_w.l(sys_exit.o)
    0x08000a88   0x08000a88   0x00000002   Code   RO         7968    .text               c_w.l(use_no_semi.o)
    0x08000a8a   0x08000a8a   0x00000000   Code   RO         7970    .text               c_w.l(indicate_semi.o)
    0x08000a8a   0x08000a8a   0x0000001a   Code   RO         5694    i.AntennaOn         mfrc522.o
    0x08000aa4   0x08000aa4   0x0000003c   Code   RO         5623    i.BUZZER_Init       buzzer.o
    0x08000ae0   0x08000ae0   0x00000010   Code   RO         5624    i.BUZZER_OFF        buzzer.o
    0x08000af0   0x08000af0   0x00000010   Code   RO         5625    i.BUZZER_ON         buzzer.o
    0x08000b00   0x08000b00   0x00000008   Code   RO         6149    i.Bluetooth_Init    bluetooth.o
    0x08000b08   0x08000b08   0x00000002   Code   RO          329    i.BusFault_Handler  stm32f4xx_it.o
    0x08000b0a   0x08000b0a   0x00000070   Code   RO         5695    i.CalulateCRC       mfrc522.o
    0x08000b7a   0x08000b7a   0x00000018   Code   RO         5696    i.ClearBitMask      mfrc522.o
    0x08000b92   0x08000b92   0x00000002   Code   RO          330    i.DebugMon_Handler  stm32f4xx_it.o
    0x08000b94   0x08000b94   0x00000024   Code   RO         5887    i.EXTI9_5_IRQHandler  fingerprint.o
    0x08000bb8   0x08000bb8   0x0000000c   Code   RO         1666    i.EXTI_ClearITPendingBit  stm32f4xx_exti.o
    0x08000bc4   0x08000bc4   0x00000014   Code   RO         1670    i.EXTI_GetITStatus  stm32f4xx_exti.o
    0x08000bd8   0x08000bd8   0x00000070   Code   RO         1671    i.EXTI_Init         stm32f4xx_exti.o
    0x08000c48   0x08000c48   0x0000001a   Code   RO         5888    i.Fingerprint_Init  fingerprint.o
    0x08000c62   0x08000c62   0x00000062   Code   RO         6195    i.Fingerprint_Unlock  ssyy.o
    0x08000cc4   0x08000cc4   0x0000012c   Code   RO         6196    i.Fingerprint_menu_show  ssyy.o
    0x08000df0   0x08000df0   0x000001f8   Code   RO         6197    i.Fion1_t           ssyy.o
    0x08000fe8   0x08000fe8   0x000000f2   Code   RO         6198    i.Fion2_t           ssyy.o
    0x080010da   0x080010da   0x00000154   Code   RO         6199    i.Fion3_t           ssyy.o
    0x0800122e   0x0800122e   0x00000092   Code   RO         6200    i.Fion4_t           ssyy.o
    0x080012c0   0x080012c0   0x0000008e   Code   RO         6201    i.Fion5_t           ssyy.o
    0x0800134e   0x0800134e   0x00000078   Code   RO         2142    i.GPIO_Init         stm32f4xx_gpio.o
    0x080013c6   0x080013c6   0x00000020   Code   RO         2143    i.GPIO_PinAFConfig  stm32f4xx_gpio.o
    0x080013e6   0x080013e6   0x0000000e   Code   RO         2146    i.GPIO_ReadInputDataBit  stm32f4xx_gpio.o
    0x080013f4   0x080013f4   0x00000004   Code   RO         2149    i.GPIO_ResetBits    stm32f4xx_gpio.o
    0x080013f8   0x080013f8   0x00000004   Code   RO         2150    i.GPIO_SetBits      stm32f4xx_gpio.o
    0x080013fc   0x080013fc   0x00000002   Code   RO          331    i.HardFault_Handler  stm32f4xx_it.o
    0x080013fe   0x080013fe   0x00000002   PAD
    0x08001400   0x08001400   0x00000050   Code   RO         6169    i.KEY_Init          key.o
    0x08001450   0x08001450   0x000000d0   Code   RO         6202    i.Logs_Flash        ssyy.o
    0x08001520   0x08001520   0x0000005c   Code   RO         5697    i.MFRC522_Anticoll  mfrc522.o
    0x0800157c   0x0800157c   0x00000052   Code   RO         5698    i.MFRC522_Auth      mfrc522.o
    0x080015ce   0x080015ce   0x0000004a   Code   RO         5700    i.MFRC522_Initializtion  mfrc522.o
    0x08001618   0x08001618   0x00000032   Code   RO         5701    i.MFRC522_Read      mfrc522.o
    0x0800164a   0x0800164a   0x0000002e   Code   RO         5702    i.MFRC522_Request   mfrc522.o
    0x08001678   0x08001678   0x00000044   Code   RO         5703    i.MFRC522_Reset     mfrc522.o
    0x080016bc   0x080016bc   0x0000006a   Code   RO         5704    i.MFRC522_SelectTag  mfrc522.o
    0x08001726   0x08001726   0x0000011a   Code   RO         5705    i.MFRC522_ToCard    mfrc522.o
    0x08001840   0x08001840   0x00000002   Code   RO          332    i.MemManage_Handler  stm32f4xx_it.o
    0x08001842   0x08001842   0x00000002   Code   RO          333    i.NMI_Handler       stm32f4xx_it.o
    0x08001844   0x08001844   0x00000064   Code   RO          419    i.NVIC_Init         misc.o
    0x080018a8   0x080018a8   0x00000014   Code   RO          420    i.NVIC_PriorityGroupConfig  misc.o
    0x080018bc   0x080018bc   0x00000032   Code   RO         5396    i.OLED_Add_show     oled.o
    0x080018ee   0x080018ee   0x0000003a   Code   RO         5397    i.OLED_Clear        oled.o
    0x08001928   0x08001928   0x00000048   Code   RO         5398    i.OLED_DataSend_show  oled.o
    0x08001970   0x08001970   0x00000032   Code   RO         5399    i.OLED_Delete_show  oled.o
    0x080019a2   0x080019a2   0x00000032   Code   RO         5403    i.OLED_Fail_show    oled.o
    0x080019d4   0x080019d4   0x0000003c   Code   RO         5404    i.OLED_Fingerprint_addrun  oled.o
    0x08001a10   0x08001a10   0x0000003c   Code   RO         5405    i.OLED_Fingerprint_run  oled.o
    0x08001a4c   0x08001a4c   0x000000ea   Code   RO         5407    i.OLED_Init         oled.o
    0x08001b36   0x08001b36   0x00000002   PAD
    0x08001b38   0x08001b38   0x0000003c   Code   RO         5409    i.OLED_RFID_addrun  oled.o
    0x08001b74   0x08001b74   0x0000002a   Code   RO         5410    i.OLED_Set_Pos      oled.o
    0x08001b9e   0x08001b9e   0x00000002   PAD
    0x08001ba0   0x08001ba0   0x00000050   Code   RO         5411    i.OLED_ShowCHinese  oled.o
    0x08001bf0   0x08001bf0   0x00000088   Code   RO         5412    i.OLED_ShowChar     oled.o
    0x08001c78   0x08001c78   0x0000006a   Code   RO         5413    i.OLED_ShowNum      oled.o
    0x08001ce2   0x08001ce2   0x00000036   Code   RO         5414    i.OLED_ShowString   oled.o
    0x08001d18   0x08001d18   0x00000032   Code   RO         5415    i.OLED_Success_show  oled.o
    0x08001d4a   0x08001d4a   0x00000042   Code   RO         5416    i.OLED_View_show    oled.o
    0x08001d8c   0x08001d8c   0x0000000c   Code   RO         5417    i.OLED_WR_Byte      oled.o
    0x08001d98   0x08001d98   0x00000032   Code   RO         5418    i.OLED_startUI      oled.o
    0x08001dca   0x08001dca   0x00000002   PAD
    0x08001dcc   0x08001dcc   0x0000009c   Code   RO         6488    i.PWM_Servos_Init   pwm_servos.o
    0x08001e68   0x08001e68   0x0000000c   Code   RO         2884    i.PWR_BackupAccessCmd  stm32f4xx_pwr.o
    0x08001e74   0x08001e74   0x000001b8   Code   RO         6203    i.Passward_Init     ssyy.o
    0x0800202c   0x0800202c   0x00000018   Code   RO         3006    i.RCC_AHB1PeriphClockCmd  stm32f4xx_rcc.o
    0x08002044   0x08002044   0x00000018   Code   RO         3015    i.RCC_APB1PeriphClockCmd  stm32f4xx_rcc.o
    0x0800205c   0x0800205c   0x00000018   Code   RO         3018    i.RCC_APB2PeriphClockCmd  stm32f4xx_rcc.o
    0x08002074   0x08002074   0x00000090   Code   RO         3027    i.RCC_GetClocksFreq  stm32f4xx_rcc.o
    0x08002104   0x08002104   0x00000034   Code   RO         3028    i.RCC_GetFlagStatus  stm32f4xx_rcc.o
    0x08002138   0x08002138   0x0000001c   Code   RO         3036    i.RCC_LSEConfig     stm32f4xx_rcc.o
    0x08002154   0x08002154   0x0000000c   Code   RO         3050    i.RCC_RTCCLKCmd     stm32f4xx_rcc.o
    0x08002160   0x08002160   0x00000030   Code   RO         3051    i.RCC_RTCCLKConfig  stm32f4xx_rcc.o
    0x08002190   0x08002190   0x00000008   Code   RO         5833    i.RFID_Delete       rfid.o
    0x08002198   0x08002198   0x000000e4   Code   RO         5834    i.RFID_Enroll       rfid.o
    0x0800227c   0x0800227c   0x00000038   Code   RO         5835    i.RFID_Get_num      rfid.o
    0x080022b4   0x080022b4   0x00000094   Code   RO         5836    i.RFID_Verify       rfid.o
    0x08002348   0x08002348   0x0000011c   Code   RO         6204    i.RFID_menu_show    ssyy.o
    0x08002464   0x08002464   0x00000012   Code   RO         3405    i.RTC_Bcd2ToByte    stm32f4xx_rtc.o
    0x08002476   0x08002476   0x00000018   Code   RO         3407    i.RTC_ByteToBcd2    stm32f4xx_rtc.o
    0x0800248e   0x0800248e   0x00000002   PAD
    0x08002490   0x08002490   0x0000008c   Code   RO         6101    i.RTC_Config        rtc.o
    0x0800251c   0x0800251c   0x0000003c   Code   RO         3417    i.RTC_EnterInitMode  stm32f4xx_rtc.o
    0x08002558   0x08002558   0x00000010   Code   RO         3418    i.RTC_ExitInitMode  stm32f4xx_rtc.o
    0x08002568   0x08002568   0x0000004c   Code   RO         3421    i.RTC_GetDate       stm32f4xx_rtc.o
    0x080025b4   0x080025b4   0x00000050   Code   RO         3426    i.RTC_GetTime       stm32f4xx_rtc.o
    0x08002604   0x08002604   0x00000050   Code   RO         3431    i.RTC_Init          stm32f4xx_rtc.o
    0x08002654   0x08002654   0x00000014   Code   RO         3434    i.RTC_ReadBackupRegister  stm32f4xx_rtc.o
    0x08002668   0x08002668   0x00000098   Code   RO         3437    i.RTC_SetDate       stm32f4xx_rtc.o
    0x08002700   0x08002700   0x000000a0   Code   RO         3438    i.RTC_SetTime       stm32f4xx_rtc.o
    0x080027a0   0x080027a0   0x00000002   Code   RO         6102    i.RTC_WKUP_IRQHandler  rtc.o
    0x080027a2   0x080027a2   0x00000002   PAD
    0x080027a4   0x080027a4   0x0000004c   Code   RO         3454    i.RTC_WaitForSynchro  stm32f4xx_rtc.o
    0x080027f0   0x080027f0   0x00000014   Code   RO         3457    i.RTC_WriteBackupRegister  stm32f4xx_rtc.o
    0x08002804   0x08002804   0x00000034   Code   RO         5707    i.Read_MFRC522      mfrc522.o
    0x08002838   0x08002838   0x00000078   Code   RO         5708    i.SPI3_Receive      mfrc522.o
    0x080028b0   0x080028b0   0x00000060   Code   RO         5709    i.SPI3_Send         mfrc522.o
    0x08002910   0x08002910   0x0000008c   Code   RO         5710    i.STM32_SPI3_Init   mfrc522.o
    0x0800299c   0x0800299c   0x00000030   Code   RO         4284    i.SYSCFG_EXTILineConfig  stm32f4xx_syscfg.o
    0x080029cc   0x080029cc   0x0000000c   Code   RO         6489    i.Servo_OFF         pwm_servos.o
    0x080029d8   0x080029d8   0x0000000c   Code   RO         6490    i.Servo_ON          pwm_servos.o
    0x080029e4   0x080029e4   0x00000058   Code   RO         6491    i.Servo_SetAngle    pwm_servos.o
    0x08002a3c   0x08002a3c   0x00000018   Code   RO         5711    i.SetBitMask        mfrc522.o
    0x08002a54   0x08002a54   0x000000b4   Code   RO          382    i.SetSysClock       system_stm32f4xx.o
    0x08002b08   0x08002b08   0x00000018   Code   RO          423    i.SysTick_CLKSourceConfig  misc.o
    0x08002b20   0x08002b20   0x0000002c   Code   RO         7592    i.SysTick_Handler   port.o
    0x08002b4c   0x08002b4c   0x0000005c   Code   RO          384    i.SystemInit        system_stm32f4xx.o
    0x08002ba8   0x08002ba8   0x00000044   Code   RO         5889    i.TIM3_IRQHandler   fingerprint.o
    0x08002bec   0x08002bec   0x00000006   Code   RO         4346    i.TIM_ClearITPendingBit  stm32f4xx_tim.o
    0x08002bf2   0x08002bf2   0x00000014   Code   RO         4351    i.TIM_Cmd           stm32f4xx_tim.o
    0x08002c06   0x08002c06   0x00000016   Code   RO         4353    i.TIM_CtrlPWMOutputs  stm32f4xx_tim.o
    0x08002c1c   0x08002c1c   0x00000018   Code   RO         4372    i.TIM_GetITStatus   stm32f4xx_tim.o
    0x08002c34   0x08002c34   0x00000010   Code   RO         4376    i.TIM_ITConfig      stm32f4xx_tim.o
    0x08002c44   0x08002c44   0x00000060   Code   RO         4395    i.TIM_OC4Init       stm32f4xx_tim.o
    0x08002ca4   0x08002ca4   0x00000004   Code   RO         4416    i.TIM_SetCompare4   stm32f4xx_tim.o
    0x08002ca8   0x08002ca8   0x0000007c   Code   RO         4423    i.TIM_TimeBaseInit  stm32f4xx_tim.o
    0x08002d24   0x08002d24   0x00000058   Code   RO         5141    i.USART1_IRQHandler  usart.o
    0x08002d7c   0x08002d7c   0x000000ac   Code   RO         5142    i.USART1_Init       usart.o
    0x08002e28   0x08002e28   0x0000004c   Code   RO         5890    i.USART2_IRQHandler  fingerprint.o
    0x08002e74   0x08002e74   0x000000a8   Code   RO         5144    i.USART2_Init       usart.o
    0x08002f1c   0x08002f1c   0x00000006   Code   RO         4884    i.USART_ClearFlag   stm32f4xx_usart.o
    0x08002f22   0x08002f22   0x0000000c   Code   RO         4885    i.USART_ClearITPendingBit  stm32f4xx_usart.o
    0x08002f2e   0x08002f2e   0x00000014   Code   RO         4888    i.USART_Cmd         stm32f4xx_usart.o
    0x08002f42   0x08002f42   0x0000000e   Code   RO         4891    i.USART_GetFlagStatus  stm32f4xx_usart.o
    0x08002f50   0x08002f50   0x0000003e   Code   RO         4892    i.USART_GetITStatus  stm32f4xx_usart.o
    0x08002f8e   0x08002f8e   0x00000030   Code   RO         4894    i.USART_ITConfig    stm32f4xx_usart.o
    0x08002fbe   0x08002fbe   0x00000002   PAD
    0x08002fc0   0x08002fc0   0x000000ac   Code   RO         4895    i.USART_Init        stm32f4xx_usart.o
    0x0800306c   0x0800306c   0x00000008   Code   RO         4902    i.USART_ReceiveData  stm32f4xx_usart.o
    0x08003074   0x08003074   0x00000008   Code   RO         4905    i.USART_SendData    stm32f4xx_usart.o
    0x0800307c   0x0800307c   0x00000002   Code   RO          334    i.UsageFault_Handler  stm32f4xx_it.o
    0x0800307e   0x0800307e   0x00000002   PAD
    0x08003080   0x08003080   0x00000040   Code   RO         6021    i.W25Q128_Init      w25q128.o
    0x080030c0   0x080030c0   0x00000058   Code   RO         6022    i.W25Q128_PageProgram  w25q128.o
    0x08003118   0x08003118   0x0000004c   Code   RO         6023    i.W25Q128_ReadData  w25q128.o
    0x08003164   0x08003164   0x00000024   Code   RO         6025    i.W25Q128_ReadRegistr  w25q128.o
    0x08003188   0x08003188   0x00000048   Code   RO         6026    i.W25Q128_SectorErase  w25q128.o
    0x080031d0   0x080031d0   0x00000020   Code   RO         6027    i.W25Q128_WriteDisable  w25q128.o
    0x080031f0   0x080031f0   0x00000020   Code   RO         6028    i.W25Q128_WriteEnable  w25q128.o
    0x08003210   0x08003210   0x0000002e   Code   RO         5420    i.Write_IIC_Command  oled.o
    0x0800323e   0x0800323e   0x0000002e   Code   RO         5421    i.Write_IIC_Data    oled.o
    0x0800326c   0x0800326c   0x00000030   Code   RO         5712    i.Write_MFRC522     mfrc522.o
    0x0800329c   0x0800329c   0x0000000e   Code   RO         7719    i._is_digit         c_w.l(__printf_wp.o)
    0x080032aa   0x080032aa   0x00000014   Code   RO         5892    i.check_sum         fingerprint.o
    0x080032be   0x080032be   0x00000002   PAD
    0x080032c0   0x080032c0   0x00000034   Code   RO         5249    i.delay_init        delay.o
    0x080032f4   0x080032f4   0x00000040   Code   RO         5250    i.delay_ms          delay.o
    0x08003334   0x08003334   0x0000001c   Code   RO         5251    i.delay_s           delay.o
    0x08003350   0x08003350   0x00000038   Code   RO         5252    i.delay_us          delay.o
    0x08003388   0x08003388   0x0000002c   Code   RO         5893    i.fpm_ctrl_led      fingerprint.o
    0x080033b4   0x080033b4   0x000000c8   Code   RO         5894    i.fpm_empty         fingerprint.o
    0x0800347c   0x0800347c   0x0000014c   Code   RO         5895    i.fpm_enroll_auto   fingerprint.o
    0x080035c8   0x080035c8   0x000000e8   Code   RO         5897    i.fpm_id_total      fingerprint.o
    0x080036b0   0x080036b0   0x000001a4   Code   RO         5898    i.fpm_idenify_auto  fingerprint.o
    0x08003854   0x08003854   0x0000003c   Code   RO         5899    i.fpm_send_data     fingerprint.o
    0x08003890   0x08003890   0x00000020   Code   RO         5900    i.fpm_sleep         fingerprint.o
    0x080038b0   0x080038b0   0x00000068   Code   RO         5902    i.fpm_touch_init    fingerprint.o
    0x08003918   0x08003918   0x00000026   Code   RO         5355    i.fputc             myprintf.o
    0x0800393e   0x0800393e   0x00000002   PAD
    0x08003940   0x08003940   0x00000074   Code   RO         6170    i.get_KEY_Num       key.o
    0x080039b4   0x080039b4   0x0000022c   Code   RO         5667    i.get_key_board     keyboard.o
    0x08003be0   0x08003be0   0x0000007c   Code   RO         5668    i.key_board_init    keyboard.o
    0x08003c5c   0x08003c5c   0x00000014   Code   RO         6205    i.key_directives_verify  ssyy.o
    0x08003c70   0x08003c70   0x00000142   Code   RO         6206    i.key_passwd_revise  ssyy.o
    0x08003db2   0x08003db2   0x00000002   PAD
    0x08003db4   0x08003db4   0x00000014   Code   RO         6207    i.key_passwd_verify  ssyy.o
    0x08003dc8   0x08003dc8   0x00000088   Code   RO           11    i.main              main.o
    0x08003e50   0x08003e50   0x0000012c   Code   RO         6208    i.menu_show         ssyy.o
    0x08003f7c   0x08003f7c   0x00000010   Code   RO         5423    i.oled_pow          oled.o
    0x08003f8c   0x08003f8c   0x0000001c   Code   RO         7044    i.prvResetNextTaskUnblockTime  tasks.o
    0x08003fa8   0x08003fa8   0x00000044   Code   RO         5289    i.software_iic_init  iic.o
    0x08003fec   0x08003fec   0x00000034   Code   RO         5290    i.software_iic_recvAck  iic.o
    0x08004020   0x08004020   0x00000034   Code   RO         5292    i.software_iic_sda_mode  iic.o
    0x08004054   0x08004054   0x0000004c   Code   RO         5294    i.software_iic_sendbyte  iic.o
    0x080040a0   0x080040a0   0x00000030   Code   RO         5295    i.software_iic_start  iic.o
    0x080040d0   0x080040d0   0x00000030   Code   RO         5296    i.software_iic_stop  iic.o
    0x08004100   0x08004100   0x00000060   Code   RO         6029    i.software_spi_init  w25q128.o
    0x08004160   0x08004160   0x0000005c   Code   RO         6030    i.software_spi_send_read_byte  w25q128.o
    0x080041bc   0x080041bc   0x0000005c   Code   RO         5903    i.tim3_init         fingerprint.o
    0x08004218   0x08004218   0x00000054   Code   RO         5904    i.usart2_printf_recv_buf  fingerprint.o
    0x0800426c   0x0800426c   0x00000034   Code   RO         6209    i.user_passward_revise  ssyy.o
    0x080042a0   0x080042a0   0x00000010   Code   RO           14    i.vApplicationStackOverflowHook  main.o
    0x080042b0   0x080042b0   0x00000002   Code   RO           15    i.vApplicationTickHook  main.o
    0x080042b2   0x080042b2   0x00000002   PAD
    0x080042b4   0x080042b4   0x00000088   Code   RO         7074    i.vTaskSwitchContext  tasks.o
    0x0800433c   0x0800433c   0x0000013c   Code   RO         7087    i.xTaskIncrementTick  tasks.o
    0x08004478   0x08004478   0x0000000a   Code   RO         7955    x$fpl$fpinit        fz_wm.l(fpinit.o)
    0x08004482   0x08004482   0x00000818   Data   RO         5424    .constdata          oled.o
    0x08004c9a   0x08004c9a   0x00000030   Data   RO         5906    .constdata          fingerprint.o
    0x08004cca   0x08004cca   0x00000002   PAD
    0x08004ccc   0x08004ccc   0x00000114   Data   RO         6211    .constdata          ssyy.o
    0x08004de0   0x08004de0   0x00000028   Data   RO         7707    .constdata          c_w.l(_printf_hex_int_ll_ptr.o)
    0x08004e08   0x08004e08   0x00000011   Data   RO         7727    .constdata          c_w.l(__printf_flags_ss_wp.o)
    0x08004e19   0x08004e19   0x00000003   PAD
    0x08004e1c   0x08004e1c   0x00000020   Data   RO         8023    Region$$Table       anon$$obj.o


    Execution Region RW_IRAM2 (Exec base: 0x10000000, Load base: 0x080054a8, Size: 0x00000000, Max: 0x00010000, ABSOLUTE)

    **** No section assigned to this execution region ****


    Execution Region RW_IRAM1 (Exec base: 0x20000000, Load base: 0x08004e3c, Size: 0x000018a0, Max: 0x00020000, ABSOLUTE, COMPRESSED[0x0000066c])

    Exec Addr    Load Addr    Size         Type   Attr      Idx    E Section Name        Object

    0x20000000   COMPRESSED   0x00000010   Data   RW         3059    .data               stm32f4xx_rcc.o
    0x20000010   COMPRESSED   0x00000008   Data   RW         5152    .data               usart.o
    0x20000018   COMPRESSED   0x00000004   Data   RW         5253    .data               delay.o
    0x2000001c   COMPRESSED   0x00000008   Data   RW         5356    .data               myprintf.o
    0x20000024   COMPRESSED   0x00000e80   Data   RW         5425    .data               oled.o
    0x20000ea4   COMPRESSED   0x0000001d   Data   RW         5839    .data               rfid.o
    0x20000ec1   COMPRESSED   0x00000003   PAD
    0x20000ec4   COMPRESSED   0x00000028   Data   RW         5907    .data               fingerprint.o
    0x20000eec   COMPRESSED   0x00000010   Data   RW         6031    .data               w25q128.o
    0x20000efc   COMPRESSED   0x00000008   Data   RW         6104    .data               rtc.o
    0x20000f04   COMPRESSED   0x00000040   Data   RW         7094    .data               tasks.o
    0x20000f44        -       0x00000108   Zero   RW         5150    .bss                usart.o
    0x2000104c        -       0x00000021   Zero   RW         5838    .bss                rfid.o
    0x2000106d   COMPRESSED   0x00000003   PAD
    0x20001070        -       0x0000004c   Zero   RW         5905    .bss                fingerprint.o
    0x200010bc        -       0x000000b8   Zero   RW         6210    .bss                ssyy.o
    0x20001174        -       0x000000c8   Zero   RW         7093    .bss                tasks.o
    0x2000123c        -       0x00000060   Zero   RW         7894    .bss                c_w.l(libspace.o)
    0x2000129c   COMPRESSED   0x00000004   PAD
    0x200012a0        -       0x00000200   Zero   RW         5133    HEAP                startup_stm32f40_41xxx.o
    0x200014a0        -       0x00000400   Zero   RW         5132    STACK               startup_stm32f40_41xxx.o


==============================================================================

Image component sizes


      Code (inc. data)   RO Data    RW Data    ZI Data      Debug   Object Name

         8          0          0          0          0        489   bluetooth.o
        92         16          0          0          0       1523   buzzer.o
       200         16          0          4          0       2573   delay.o
         0          0          0          0          0       5996   event_groups.o
      1826        656         48         40         76      11327   fingerprint.o
       344         32          0          0          0       3852   iic.o
       196         20          0          0          0       1313   key.o
       680         20          0          0          0       1977   keyboard.o
       154         16          0          0          0     312254   main.o
      1442         44          0          0          0      12690   mfrc522.o
       144         14          0          0          0       2169   misc.o
        38          0          0          8          0       2622   myprintf.o
      1398         32       2072       3712          0      14648   oled.o
       234         22          0          0          0       3866   port.o
       268         40          0          0          0       2298   pwm_servos.o
       440         52          0         29         33       3997   rfid.o
       142          4          0          8          0       1391   rtc.o
      3418        200        276          0        184      13837   ssyy.o
        64         26        392          0       1536        856   startup_stm32f40_41xxx.o
       144         14          0          0          0       2260   stm32f4xx_exti.o
       174          0          0          0          0       3635   stm32f4xx_gpio.o
        12          0          0          0          0       2893   stm32f4xx_it.o
        12          6          0          0          0        546   stm32f4xx_pwr.o
       356         56          0         16          0       7282   stm32f4xx_rcc.o
       782         70          0          0          0       9050   stm32f4xx_rtc.o
        48          6          0          0          0        688   stm32f4xx_syscfg.o
       312         36          0          0          0       6854   stm32f4xx_tim.o
       350          8          0          0          0       6997   stm32f4xx_usart.o
       272         36          0          0          0       1601   system_stm32f4xx.o
       480         24          0         64        200      13190   tasks.o
       428         32          0          8        264       3065   usart.o
       588         60          0         16          0       6059   w25q128.o

    ----------------------------------------------------------------------
     15072       1558       2822       3908       2296     463798   Object Totals
         0          0         32          0          0          0   (incl. Generated)
        26          0          2          3          3          0   (incl. Padding)

    ----------------------------------------------------------------------

      Code (inc. data)   RO Data    RW Data    ZI Data      Debug   Library Member Name

        24          4          0          0          0         84   __2printf.o
        44          6          0          0          0         84   __2sprintf.o
       100          0          0          0          0          0   __dclz77c.o
         8          0          0          0          0         68   __main.o
       392          4         17          0          0         92   __printf_flags_ss_wp.o
        14          0          0          0          0         68   __printf_wp.o
         0          0          0          0          0          0   __rtentry.o
        12          0          0          0          0          0   __rtentry2.o
         6          0          0          0          0          0   __rtentry4.o
        52          8          0          0          0          0   __scatter.o
        28          0          0          0          0          0   __scatter_zi.o
        44          0          0          0          0        108   _printf_char.o
        48          6          0          0          0         96   _printf_char_common.o
        36          4          0          0          0         80   _printf_char_file.o
         6          0          0          0          0          0   _printf_d.o
       120         16          0          0          0         92   _printf_dec.o
       148          4         40          0          0        160   _printf_hex_int_ll_ptr.o
       178          0          0          0          0         88   _printf_intcommon.o
        78          0          0          0          0        108   _printf_pad.o
         0          0          0          0          0          0   _printf_percent.o
         4          0          0          0          0          0   _printf_percent_end.o
         6          0          0          0          0          0   _printf_s.o
        82          0          0          0          0         80   _printf_str.o
         6          0          0          0          0          0   _printf_x.o
        10          0          0          0          0         68   _sputc.o
        18          0          0          0          0         80   exit.o
         8          0          0          0          0         68   ferror.o
         6          0          0          0          0        152   heapauxi.o
         0          0          0          0          0          0   indicate_semi.o
         2          0          0          0          0          0   libinit.o
         6          0          0          0          0          0   libinit2.o
         2          0          0          0          0          0   libshutdown.o
         2          0          0          0          0          0   libshutdown2.o
         8          4          0          0         96         68   libspace.o
        88          0          0          0          0         76   memcmp.o
        68          0          0          0          0         68   rt_memclr.o
        78          0          0          0          0         80   rt_memclr_w.o
       100          0          0          0          0         80   rt_memcpy_w.o
         2          0          0          0          0          0   rtexit.o
        10          0          0          0          0          0   rtexit2.o
       128          0          0          0          0         68   strcmpv7m.o
        12          4          0          0          0         68   sys_exit.o
        74          0          0          0          0         80   sys_stackheap_outer.o
         2          0          0          0          0         68   use_no_semi.o
        10          0          0          0          0        116   fpinit.o

    ----------------------------------------------------------------------
      2074         60         60          0        100       2348   Library Totals
         4          0          3          0          4          0   (incl. Padding)

    ----------------------------------------------------------------------

      Code (inc. data)   RO Data    RW Data    ZI Data      Debug   Library Name

      2060         60         57          0         96       2232   c_w.l
        10          0          0          0          0        116   fz_wm.l

    ----------------------------------------------------------------------
      2074         60         60          0        100       2348   Library Totals

    ----------------------------------------------------------------------

==============================================================================


      Code (inc. data)   RO Data    RW Data    ZI Data      Debug   

     17146       1618       2882       3908       2396     448302   Grand Totals
     17146       1618       2882       1644       2396     448302   ELF Image Totals (compressed)
     17146       1618       2882       1644          0          0   ROM Totals

==============================================================================

    Total RO  Size (Code + RO Data)                20028 (  19.56kB)
    Total RW  Size (RW Data + ZI Data)              6304 (   6.16kB)
    Total ROM Size (Code + RO Data + RW Data)      21672 (  21.16kB)

==============================================================================

